Archive member included to satisfy reference by file (symbol)

C:/ST/STM32CubeIDE_1.18.1/STM32CubeIDE/plugins/com.st.stm32cube.ide.mcu.externaltools.gnu-tools-for-stm32.14.3.rel1.win32_1.0.100.202602081740/tools/bin/../lib/gcc/arm-none-eabi/14.3.1/../../../../arm-none-eabi/lib/thumb/v8-m.main+fp/hard\libc_nano.a(libc_a-exit.o)
                              C:/ST/STM32CubeIDE_1.18.1/STM32CubeIDE/plugins/com.st.stm32cube.ide.mcu.externaltools.gnu-tools-for-stm32.14.3.rel1.win32_1.0.100.202602081740/tools/bin/../lib/gcc/arm-none-eabi/14.3.1/../../../../arm-none-eabi/lib/thumb/v8-m.main+fp/hard/crt0.o (exit)
C:/ST/STM32CubeIDE_1.18.1/STM32CubeIDE/plugins/com.st.stm32cube.ide.mcu.externaltools.gnu-tools-for-stm32.14.3.rel1.win32_1.0.100.202602081740/tools/bin/../lib/gcc/arm-none-eabi/14.3.1/../../../../arm-none-eabi/lib/thumb/v8-m.main+fp/hard\libc_nano.a(libc_a-findfp.o)
                              ./Middlewares/Third_Party/FreeRTOS/Source/tasks.o (__sf)
C:/ST/STM32CubeIDE_1.18.1/STM32CubeIDE/plugins/com.st.stm32cube.ide.mcu.externaltools.gnu-tools-for-stm32.14.3.rel1.win32_1.0.100.202602081740/tools/bin/../lib/gcc/arm-none-eabi/14.3.1/../../../../arm-none-eabi/lib/thumb/v8-m.main+fp/hard\libc_nano.a(libc_a-fwalk.o)
                              C:/ST/STM32CubeIDE_1.18.1/STM32CubeIDE/plugins/com.st.stm32cube.ide.mcu.externaltools.gnu-tools-for-stm32.14.3.rel1.win32_1.0.100.202602081740/tools/bin/../lib/gcc/arm-none-eabi/14.3.1/../../../../arm-none-eabi/lib/thumb/v8-m.main+fp/hard\libc_nano.a(libc_a-findfp.o) (_fwalk_sglue)
C:/ST/STM32CubeIDE_1.18.1/STM32CubeIDE/plugins/com.st.stm32cube.ide.mcu.externaltools.gnu-tools-for-stm32.14.3.rel1.win32_1.0.100.202602081740/tools/bin/../lib/gcc/arm-none-eabi/14.3.1/../../../../arm-none-eabi/lib/thumb/v8-m.main+fp/hard\libc_nano.a(libc_a-printf.o)
                              ./Core/Src/main.o (printf)
C:/ST/STM32CubeIDE_1.18.1/STM32CubeIDE/plugins/com.st.stm32cube.ide.mcu.externaltools.gnu-tools-for-stm32.14.3.rel1.win32_1.0.100.202602081740/tools/bin/../lib/gcc/arm-none-eabi/14.3.1/../../../../arm-none-eabi/lib/thumb/v8-m.main+fp/hard\libc_nano.a(libc_a-puts.o)
                              ./Core/Src/main.o (puts)
C:/ST/STM32CubeIDE_1.18.1/STM32CubeIDE/plugins/com.st.stm32cube.ide.mcu.externaltools.gnu-tools-for-stm32.14.3.rel1.win32_1.0.100.202602081740/tools/bin/../lib/gcc/arm-none-eabi/14.3.1/../../../../arm-none-eabi/lib/thumb/v8-m.main+fp/hard\libc_nano.a(libc_a-snprintf.o)
                              ./Core/Src/main.o (snprintf)
C:/ST/STM32CubeIDE_1.18.1/STM32CubeIDE/plugins/com.st.stm32cube.ide.mcu.externaltools.gnu-tools-for-stm32.14.3.rel1.win32_1.0.100.202602081740/tools/bin/../lib/gcc/arm-none-eabi/14.3.1/../../../../arm-none-eabi/lib/thumb/v8-m.main+fp/hard\libc_nano.a(libc_a-stdio.o)
                              C:/ST/STM32CubeIDE_1.18.1/STM32CubeIDE/plugins/com.st.stm32cube.ide.mcu.externaltools.gnu-tools-for-stm32.14.3.rel1.win32_1.0.100.202602081740/tools/bin/../lib/gcc/arm-none-eabi/14.3.1/../../../../arm-none-eabi/lib/thumb/v8-m.main+fp/hard\libc_nano.a(libc_a-findfp.o) (__sread)
C:/ST/STM32CubeIDE_1.18.1/STM32CubeIDE/plugins/com.st.stm32cube.ide.mcu.externaltools.gnu-tools-for-stm32.14.3.rel1.win32_1.0.100.202602081740/tools/bin/../lib/gcc/arm-none-eabi/14.3.1/../../../../arm-none-eabi/lib/thumb/v8-m.main+fp/hard\libc_nano.a(libc_a-vsnprintf.o)
                              ./Core/Src/lcd.o (vsnprintf)
C:/ST/STM32CubeIDE_1.18.1/STM32CubeIDE/plugins/com.st.stm32cube.ide.mcu.externaltools.gnu-tools-for-stm32.14.3.rel1.win32_1.0.100.202602081740/tools/bin/../lib/gcc/arm-none-eabi/14.3.1/../../../../arm-none-eabi/lib/thumb/v8-m.main+fp/hard\libc_nano.a(libc_a-wbuf.o)
                              C:/ST/STM32CubeIDE_1.18.1/STM32CubeIDE/plugins/com.st.stm32cube.ide.mcu.externaltools.gnu-tools-for-stm32.14.3.rel1.win32_1.0.100.202602081740/tools/bin/../lib/gcc/arm-none-eabi/14.3.1/../../../../arm-none-eabi/lib/thumb/v8-m.main+fp/hard\libc_nano.a(libc_a-puts.o) (__swbuf_r)
C:/ST/STM32CubeIDE_1.18.1/STM32CubeIDE/plugins/com.st.stm32cube.ide.mcu.externaltools.gnu-tools-for-stm32.14.3.rel1.win32_1.0.100.202602081740/tools/bin/../lib/gcc/arm-none-eabi/14.3.1/../../../../arm-none-eabi/lib/thumb/v8-m.main+fp/hard\libc_nano.a(libc_a-wsetup.o)
                              C:/ST/STM32CubeIDE_1.18.1/STM32CubeIDE/plugins/com.st.stm32cube.ide.mcu.externaltools.gnu-tools-for-stm32.14.3.rel1.win32_1.0.100.202602081740/tools/bin/../lib/gcc/arm-none-eabi/14.3.1/../../../../arm-none-eabi/lib/thumb/v8-m.main+fp/hard\libc_nano.a(libc_a-puts.o) (__swsetup_r)
C:/ST/STM32CubeIDE_1.18.1/STM32CubeIDE/plugins/com.st.stm32cube.ide.mcu.externaltools.gnu-tools-for-stm32.14.3.rel1.win32_1.0.100.202602081740/tools/bin/../lib/gcc/arm-none-eabi/14.3.1/../../../../arm-none-eabi/lib/thumb/v8-m.main+fp/hard\libc_nano.a(libc_a-memset.o)
[...]
Memory Configuration

Name             Origin             Length             Attributes
RAM              0x20000000         0x00030000         xrw
RAM2             0x20030000         0x00010000         xrw
FLASH            0x08000000         0x00080000         xr
*default*        0x00000000         0xffffffff

Linker script and memory map

LOAD C:/ST/STM32CubeIDE_1.18.1/STM32CubeIDE/plugins/com.st.stm32cube.ide.mcu.externaltools.gnu-tools-for-stm32.14.3.rel1.win32_1.0.100.202602081740/tools/bin/../lib/gcc/arm-none-eabi/14.3.1/thumb/v8-m.main+fp/hard/crti.o
LOAD C:/ST/STM32CubeIDE_1.18.1/STM32CubeIDE/plugins/com.st.stm32cube.ide.mcu.externaltools.gnu-tools-for-stm32.14.3.rel1.win32_1.0.100.202602081740/tools/bin/../lib/gcc/arm-none-eabi/14.3.1/thumb/v8-m.main+fp/hard/crtbegin.o
LOAD C:/ST/STM32CubeIDE_1.18.1/STM32CubeIDE/plugins/com.st.stm32cube.ide.mcu.externaltools.gnu-tools-for-stm32.14.3.rel1.win32_1.0.100.202602081740/tools/bin/../lib/gcc/arm-none-eabi/14.3.1/../../../../arm-none-eabi/lib/thumb/v8-m.main+fp/hard/crt0.o
LOAD ./Core/Src/app_freertos.o
LOAD ./Core/Src/lcd.o
LOAD ./Core/Src/main.o
LOAD ./Core/Src/stm32l5xx_hal_msp.o
LOAD ./Core/Src/stm32l5xx_hal_timebase_tim.o
LOAD ./Core/Src/stm32l5xx_it.o
LOAD ./Core/Src/syscalls.o
LOAD ./Core/Src/sysmem.o
LOAD ./Core/Src/system_stm32l5xx.o
LOAD ./Core/Startup/startup_stm32l552zetxq.o
LOAD ./Drivers/STM32L5xx_HAL_Driver/Src/stm32l5xx_hal.o
LOAD ./Drivers/STM32L5xx_HAL_Driver/Src/stm32l5xx_hal_adc.o
LOAD ./Drivers/STM32L5xx_HAL_Driver/Src/stm32l5xx_hal_adc_ex.o
LOAD ./Drivers/STM32L5xx_HAL_Driver/Src/stm32l5xx_hal_cortex.o
LOAD ./Drivers/STM32L5xx_HAL_Driver/Src/stm32l5xx_hal_dma.o
LOAD ./Drivers/STM32L5xx_HAL_Driver/Src/stm32l5xx_hal_dma_ex.o
LOAD ./Drivers/STM32L5xx_HAL_Driver/Src/stm32l5xx_hal_exti.o
LOAD ./Drivers/STM32L5xx_HAL_Driver/Src/stm32l5xx_hal_flash.o
LOAD ./Drivers/STM32L5xx_HAL_Driver/Src/stm32l5xx_hal_flash_ex.o
LOAD ./Drivers/STM32L5xx_HAL_Driver/Src/stm32l5xx_hal_flash_ramfunc.o
LOAD ./Drivers/STM32L5xx_HAL_Driver/Src/stm32l5xx_hal_gpio.o
LOAD ./Drivers/STM32L5xx_HAL_Driver/Src/stm32l5xx_hal_i2c.o
LOAD ./Drivers/STM32L5xx_HAL_Driver/Src/stm32l5xx_hal_i2c_ex.o
LOAD ./Drivers/STM32L5xx_HAL_Driver/Src/stm32l5xx_hal_icache.o
LOAD ./Drivers/STM32L5xx_HAL_Driver/Src/stm32l5xx_hal_pwr.o
LOAD ./Drivers/STM32L5xx_HAL_Driver/Src/stm32l5xx_hal_pwr_ex.o
LOAD ./Drivers/STM32L5xx_HAL_Driver/Src/stm32l5xx_hal_rcc.o
LOAD ./Drivers/STM32L5xx_HAL_Driver/Src/stm32l5xx_hal_rcc_ex.o
LOAD ./Drivers/STM32L5xx_HAL_Driver/Src/stm32l5xx_hal_tim.o
LOAD ./Drivers/STM32L5xx_HAL_Driver/Src/stm32l5xx_hal_tim_ex.o
LOAD ./Drivers/STM32L5xx_HAL_Driver/Src/stm32l5xx_hal_uart.o
LOAD ./Drivers/STM32L5xx_HAL_Driver/Src/stm32l5xx_hal_uart_ex.o
LOAD ./Middlewares/Third_Party/FreeRTOS/Source/CMSIS_RTOS_V2/cmsis_os2.o
LOAD ./Middlewares/Third_Party/FreeRTOS/Source/croutine.o
LOAD ./Middlewares/Third_Party/FreeRTOS/Source/event_groups.o
LOAD ./Middlewares/Third_Party/FreeRTOS/Source/list.o
LOAD ./Middlewares/Third_Party/FreeRTOS/Source/queue.o
LOAD ./Middlewares/Third_Party/FreeRTOS/Source/stream_buffer.o
LOAD ./Middlewares/Third_Party/FreeRTOS/Source/tasks.o
LOAD ./Middlewares/Third_Party/FreeRTOS/Source/timers.o
LOAD ./Middlewares/Third_Party/FreeRTOS/Source/portable/GCC/ARM_CM33_NTZ/non_secure/port.o
LOAD ./Middlewares/Third_Party/FreeRTOS/Source/portable/GCC/ARM_CM33_NTZ/non_secure/portasm.o
LOAD ./Middlewares/Third_Party/FreeRTOS/Source/portable/MemMang/heap_4.o
START GROUP
LOAD C:/ST/STM32CubeIDE_1.18.1/STM32CubeIDE/plugins/com.st.stm32cube.ide.mcu.externaltools.gnu-tools-for-stm32.14.3.rel1.win32_1.0.100.202602081740/tools/bin/../lib/gcc/arm-none-eabi/14.3.1/../../../../arm-none-eabi/lib/thumb/v8-m.main+fp/hard\libc_nano.a
LOAD C:/ST/STM32CubeIDE_1.18.1/STM32CubeIDE/plugins/com.st.stm32cube.ide.mcu.externaltools.gnu-tools-for-stm32.14.3.rel1.win32_1.0.100.202602081740/tools/bin/../lib/gcc/arm-none-eabi/14.3.1/../../../../arm-none-eabi/lib/thumb/v8-m.main+fp/hard\libm.a
END GROUP
START GROUP
LOAD C:/ST/STM32CubeIDE_1.18.1/STM32CubeIDE/plugins/com.st.stm32cube.ide.mcu.externaltools.gnu-tools-for-stm32.14.3.rel1.win32_1.0.100.202602081740/tools/bin/../lib/gcc/arm-none-eabi/14.3.1/thumb/v8-m.main+fp/hard\libgcc.a
LOAD C:/ST/STM32CubeIDE_1.18.1/STM32CubeIDE/plugins/com.st.stm32cube.ide.mcu.externaltools.gnu-tools-for-stm32.14.3.rel1.win32_1.0.100.202602081740/tools/bin/../lib/gcc/arm-none-eabi/14.3.1/../../../../arm-none-eabi/lib/thumb/v8-m.main+fp/hard\libc_nano.a
END GROUP
START GROUP
LOAD C:/ST/STM32CubeIDE_1.18.1/STM32CubeIDE/plugins/com.st.stm32cube.ide.mcu.externaltools.gnu-tools-for-stm32.14.3.rel1.win32_1.0.100.202602081740/tools/bin/../lib/gcc/arm-none-eabi/14.3.1/thumb/v8-m.main+fp/hard\libgcc.a
LOAD C:/ST/STM32CubeIDE_1.18.1/STM32CubeIDE/plugins/com.st.stm32cube.ide.mcu.externaltools.gnu-tools-for-stm32.14.3.rel1.win32_1.0.100.202602081740/tools/bin/../lib/gcc/arm-none-eabi/14.3.1/../../../../arm-none-eabi/lib/thumb/v8-m.main+fp/hard\libc_nano.a
LOAD C:/ST/STM32CubeIDE_1.18.1/STM32CubeIDE/plugins/com.st.stm32cube.ide.mcu.externaltools.gnu-tools-for-stm32.14.3.rel1.win32_1.0.100.202602081740/tools/bin/../lib/gcc/arm-none-eabi/14.3.1/../../../../arm-none-eabi/lib/thumb/v8-m.main+fp/hard\libnosys.a
END GROUP
START GROUP
LOAD C:/ST/STM32CubeIDE_1.18.1/STM32CubeIDE/plugins/com.st.stm32cube.ide.mcu.externaltools.gnu-tools-for-stm32.14.3.rel1.win32_1.0.100.202602081740/tools/bin/../lib/gcc/arm-none-eabi/14.3.1/thumb/v8-m.main+fp/hard\libgcc.a
LOAD C:/ST/STM32CubeIDE_1.18.1/STM32CubeIDE/plugins/com.st.stm32cube.ide.mcu.externaltools.gnu-tools-for-stm32.14.3.rel1.win32_1.0.100.202602081740/tools/bin/../lib/gcc/arm-none-eabi/14.3.1/../../../../arm-none-eabi/lib/thumb/v8-m.main+fp/hard\libc_nano.a
LOAD C:/ST/STM32CubeIDE_1.18.1/STM32CubeIDE/plugins/com.st.stm32cube.ide.mcu.externaltools.gnu-tools-for-stm32.14.3.rel1.win32_1.0.100.202602081740/tools/bin/../lib/gcc/arm-none-eabi/14.3.1/../../../../arm-none-eabi/lib/thumb/v8-m.main+fp/hard\libnosys.a
END GROUP
LOAD C:/ST/STM32CubeIDE_1.18.1/STM32CubeIDE/plugins/com.st.stm32cube.ide.mcu.externaltools.gnu-tools-for-stm32.14.3.rel1.win32_1.0.100.202602081740/tools/bin/../lib/gcc/arm-none-eabi/14.3.1/thumb/v8-m.main+fp/hard/crtend.o
LOAD C:/ST/STM32CubeIDE_1.18.1/STM32CubeIDE/plugins/com.st.stm32cube.ide.mcu.externaltools.gnu-tools-for-stm32.14.3.rel1.win32_1.0.100.202602081740/tools/bin/../lib/gcc/arm-none-eabi/14.3.1/thumb/v8-m.main+fp/hard/crtn.o
                0x20030000                        _estack = (ORIGIN (RAM) + LENGTH (RAM))
                0x00000200                        _Min_Heap_Size = 0x200
                0x00000400                        _Min_Stack_Size = 0x400

.isr_vector     0x08000000      0x1f4
                0x08000000                        . = ALIGN (0x4)
 *(.isr_vector)
 .isr_vector    0x08000000      0x1f4 ./Core/Startup/startup_stm32l552zetxq.o
                0x08000000                g_pfnVectors
                0x080001f4                        . = ALIGN (0x4)

.text           0x08000200     0xcc9c
                0x08000200                        . = ALIGN (0x4)
 *(.text)
 .text          0x08000200       0x40 C:/ST/STM32CubeIDE_1.18.1/STM32CubeIDE/plugins/com.st.stm32cube.ide.mcu.externaltools.gnu-tools-for-stm32.14.3.rel1.win32_1.0.100.202602081740/tools/bin/../lib/gcc/arm-none-eabi/14.3.1/thumb/v8-m.main+fp/hard/crtbegin.o
 .text          0x08000240       0x30 C:/ST/STM32CubeIDE_1.18.1/STM32CubeIDE/plugins/com.st.stm32cube.ide.mcu.externaltools.gnu-tools-for-stm32.14.3.rel1.win32_1.0.100.202602081740/tools/bin/../lib/gcc/arm-none-eabi/14.3.1/thumb/v8-m.main+fp/hard\libgcc.a(_aeabi_uldivmod.o)
                0x08000240                __aeabi_uldivmod
 .text          0x08000270      0x34c C:/ST/STM32CubeIDE_1.18.1/STM32CubeIDE/plugins/com.st.stm32cube.ide.mcu.externaltools.gnu-tools-for-stm32.14.3.rel1.win32_1.0.100.202602081740/tools/bin/../lib/gcc/arm-none-eabi/14.3.1/thumb/v8-m.main+fp/hard\libgcc.a(_udivmoddi4.o)
                0x08000270                __udivmoddi4
 .text          0x080005bc        0x4 C:/ST/STM32CubeIDE_1.18.1/STM32CubeIDE/plugins/com.st.stm32cube.ide.mcu.externaltools.gnu-tools-for-stm32.14.3.rel1.win32_1.0.100.202602081740/tools/bin/../lib/gcc/arm-none-eabi/14.3.1/thumb/v8-m.main+fp/hard\libgcc.a(_dvmd_tls.o)
                0x080005bc                __aeabi_idiv0
                0x080005bc                __aeabi_ldiv0
 *(.text*)
 .text.LCD_Init
                0x080005c0       0x60 ./Core/Src/lcd.o
                0x080005c0                LCD_Init
 .text.LCD_DisplayText
                0x08000620       0xa4 ./Core/Src/lcd.o
                0x08000620                LCD_DisplayText
 .text.LCD_Print
                0x080006c4       0x7c ./Core/Src/lcd.o
                0x080006c4                LCD_Print
 .text.setLCD_RGB
                0x08000740       0x3e ./Core/Src/lcd.o
                0x08000740                setLCD_RGB
 *fill*         0x0800077e        0x2 
 .text.I2C_SendToSlave
                0x08000780       0x44 ./Core/Src/lcd.o
                0x08000780                I2C_SendToSlave
 .text.LCD_SendMessage
                0x080007c4       0x80 ./Core/Src/lcd.o
                0x080007c4                LCD_SendMessage
 .text._write   0x08000844       0x2c ./Core/Src/main.o
                0x08000844                _write
 .text.LD1_Set  0x08000870       0x34 ./Core/Src/main.o
 .text.Touch_Enable
                0x080008a4       0x44 ./Core/Src/main.o
 .text.Touch_Mpr121Init
                0x080008e8      0x164 ./Core/Src/main.o
 .text.Touch_LogI2CScan
                0x08000a4c       0x74 ./Core/Src/main.o
 .text.Touch_TryAutodetect
                0x08000ac0      0x118 ./Core/Src/main.o
 .text.Touch_ReadCommandState
                0x08000bd8      0x130 ./Core/Src/main.o
 .text.ReadDutyPercent
                0x08000d08       0x5c ./Core/Src/main.o
 .text.CycleState
                0x08000d64       0x2c ./Core/Src/main.o
 .text.MotorStateStr
                0x08000d90       0x38 ./Core/Src/main.o
 .text.LCD_ShowState
                0x08000dc8       0x4c ./Core/Src/main.o
 .text.LCD_ShowLine2
                0x08000e14       0x50 ./Core/Src/main.o
 .text.BuzzerTimerCallback
                0x08000e64       0x20 ./Core/Src/main.o
 .text.Buzzer_Beep
                0x08000e84       0x40 ./Core/Src/main.o
 .text.Motor_ApplyCommand
                0x08000ec4      0x12c ./Core/Src/main.o
 .text.main     0x08000ff0      0x23c ./Core/Src/main.o
                0x08000ff0                main
 .text.SystemClock_Config
                0x0800122c       0xa2 ./Core/Src/main.o
                0x0800122c                SystemClock_Config
 *fill*         0x080012ce        0x2 
 .text.MX_ADC1_Init
                0x080012d0       0xec ./Core/Src/main.o
 .text.MX_I2C2_Init
                0x080013bc       0x80 ./Core/Src/main.o
 .text.MX_ICACHE_Init
                0x0800143c       0x16 ./Core/Src/main.o
 *fill*         0x08001452        0x2 
 .text.MX_LPUART1_UART_Init
                0x08001454       0x98 ./Core/Src/main.o
 .text.MX_TIM1_Init
                0x080014ec      0x128 ./Core/Src/main.o
 .text.MX_GPIO_Init
                0x08001614      0x27c ./Core/Src/main.o
 .text.StartTask1
                0x08001890       0x88 ./Core/Src/main.o
                0x08001890                StartTask1
 .text.StartTask2
                0x08001918      0x584 ./Core/Src/main.o
                0x08001918                StartTask2
 .text.StartTask3
                0x08001e9c       0x68 ./Core/Src/main.o
                0x08001e9c                StartTask3
 .text.HAL_TIM_PeriodElapsedCallback
                0x08001f04       0x24 ./Core/Src/main.o
                0x08001f04                HAL_TIM_PeriodElapsedCallback
 .text.Error_Handler
                0x08001f28        0xc ./Core/Src/main.o
                0x08001f28                Error_Handler
 .text.HAL_MspInit
                0x08001f34       0x54 ./Core/Src/stm32l5xx_hal_msp.o
                0x08001f34                HAL_MspInit
 .text.HAL_ADC_MspInit
                0x08001f88       0xb4 ./Core/Src/stm32l5xx_hal_msp.o
                0x08001f88                HAL_ADC_MspInit
 .text.HAL_I2C_MspInit
                0x0800203c       0xbc ./Core/Src/stm32l5xx_hal_msp.o
                0x0800203c                HAL_I2C_MspInit
 .text.HAL_UART_MspInit
                0x080020f8       0xc0 ./Core/Src/stm32l5xx_hal_msp.o
                0x080020f8                HAL_UART_MspInit
 .text.HAL_TIM_MspPostInit
                0x080021b8       0x70 ./Core/Src/stm32l5xx_hal_msp.o
                0x080021b8                HAL_TIM_MspPostInit
 .text.HAL_TIM_PWM_MspInit
                0x08002228       0x40 ./Core/Src/stm32l5xx_hal_msp.o
                0x08002228                HAL_TIM_PWM_MspInit
 .text.HAL_InitTick
                0x08002268       0xac ./Core/Src/stm32l5xx_hal_timebase_tim.o
                0x08002268                HAL_InitTick
 .text.NMI_Handler
                0x08002314        0x8 ./Core/Src/stm32l5xx_it.o
                0x08002314                NMI_Handler
 .text.HardFault_Handler
                0x0800231c        0x8 ./Core/Src/stm32l5xx_it.o
                0x0800231c                HardFault_Handler
 .text.MemManage_Handler
                0x08002324        0x8 ./Core/Src/stm32l5xx_it.o
                0x08002324                MemManage_Handler
 .text.BusFault_Handler
                0x0800232c        0x8 ./Core/Src/stm32l5xx_it.o
                0x0800232c                BusFault_Handler
 .text.UsageFault_Handler
                0x08002334        0x8 ./Core/Src/stm32l5xx_it.o
                0x08002334                UsageFault_Handler
 .text.DebugMon_Handler
                0x0800233c        0xe ./Core/Src/stm32l5xx_it.o
                0x0800233c                DebugMon_Handler
 .text.EXTI6_IRQHandler
                0x0800234a        0xe ./Core/Src/stm32l5xx_it.o
                0x0800234a                EXTI6_IRQHandler
 .text.EXTI13_IRQHandler
                0x08002358       0x10 ./Core/Src/stm32l5xx_it.o
                0x08002358                EXTI13_IRQHandler
 .text.TIM6_IRQHandler
                0x08002368       0x14 ./Core/Src/stm32l5xx_it.o
                0x08002368                TIM6_IRQHandler
 .text._read    0x0800237c       0x3a ./Core/Src/syscalls.o
                0x0800237c                _read
 .text._close   0x080023b6       0x18 ./Core/Src/syscalls.o
                0x080023b6                _close
 .text._fstat   0x080023ce       0x20 ./Core/Src/syscalls.o
                0x080023ce                _fstat
 .text._isatty  0x080023ee       0x16 ./Core/Src/syscalls.o
                0x080023ee                _isatty
 .text._lseek   0x08002404       0x1a ./Core/Src/syscalls.o
                0x08002404                _lseek
 *fill*         0x0800241e        0x2 
 .text._sbrk    0x08002420       0x6c ./Core/Src/sysmem.o
                0x08002420                _sbrk
 .text.SystemInit
                0x0800248c       0x24 ./Core/Src/system_stm32l5xx.o
                0x0800248c                SystemInit
 .text.SystemCoreClockUpdate
                0x080024b0      0x15c ./Core/Src/system_stm32l5xx.o
                0x080024b0                SystemCoreClockUpdate
 .text.Reset_Handler
                0x0800260c       0x50 ./Core/Startup/startup_stm32l552zetxq.o
                0x0800260c                Reset_Handler
 .text.Default_Handler
                0x0800265c        0x2 ./Core/Startup/startup_stm32l552zetxq.o
                0x0800265c                EXTI2_IRQHandler
                0x0800265c                TIM8_TRG_COM_IRQHandler
                0x0800265c                TIM8_CC_IRQHandler
                0x0800265c                EXTI5_IRQHandler
                0x0800265c                FLASH_S_IRQHandler
                0x0800265c                TIM1_CC_IRQHandler
                0x0800265c                TSC_IRQHandler
                0x0800265c                TAMP_IRQHandler
                0x0800265c                EXTI12_IRQHandler
                0x0800265c                DMA2_Channel8_IRQHandler
                0x0800265c                EXTI3_IRQHandler
                0x0800265c                EXTI8_IRQHandler
                0x0800265c                LPTIM2_IRQHandler
                0x0800265c                DFSDM1_FLT1_IRQHandler
                0x0800265c                USB_FS_IRQHandler
                0x0800265c                I2C3_ER_IRQHandler
                0x0800265c                DFSDM1_FLT2_IRQHandler
                0x0800265c                DMAMUX1_IRQHandler
                0x0800265c                LPTIM3_IRQHandler
                0x0800265c                EXTI0_IRQHandler
                0x0800265c                I2C2_EV_IRQHandler
                0x0800265c                FPU_IRQHandler
                0x0800265c                FDCAN1_IT1_IRQHandler
                0x0800265c                ADC1_2_IRQHandler
                0x0800265c                SPI1_IRQHandler
                0x0800265c                OCTOSPI1_IRQHandler
                0x0800265c                TIM8_UP_IRQHandler
                0x0800265c                RCC_S_IRQHandler
                0x0800265c                DMA2_Channel2_IRQHandler
                0x0800265c                DMA1_Channel4_IRQHandler
                0x0800265c                SAI2_IRQHandler
                0x0800265c                DFSDM1_FLT3_IRQHandler
                0x0800265c                EXTI15_IRQHandler
                0x0800265c                TIM17_IRQHandler
                0x0800265c                USART3_IRQHandler
                0x0800265c                RTC_IRQHandler
                0x0800265c                EXTI9_IRQHandler
                0x0800265c                DMA1_Channel7_IRQHandler
                0x0800265c                UART5_IRQHandler
                0x0800265c                TIM4_IRQHandler
                0x0800265c                DMA2_Channel1_IRQHandler
                0x0800265c                I2C1_EV_IRQHandler
                0x0800265c                DMA1_Channel6_IRQHandler
                0x0800265c                TIM16_IRQHandler
                0x0800265c                UART4_IRQHandler
                0x0800265c                DMA2_Channel4_IRQHandler
                0x0800265c                SecureFault_Handler
                0x0800265c                TIM3_IRQHandler
                0x0800265c                RCC_IRQHandler
                0x0800265c                TIM1_TRG_COM_IRQHandler
                0x0800265c                DMA1_Channel1_IRQHandler
                0x0800265c                Default_Handler
                0x0800265c                DMA2_Channel7_IRQHandler
                0x0800265c                DMA1_Channel8_IRQHandler
                0x0800265c                TIM7_IRQHandler
                0x0800265c                SDMMC1_IRQHandler
                0x0800265c                TIM5_IRQHandler
                0x0800265c                UCPD1_IRQHandler
                0x0800265c                TIM15_IRQHandler
                0x0800265c                I2C3_EV_IRQHandler
                0x0800265c                PVD_PVM_IRQHandler
                0x0800265c                SPI2_IRQHandler
                0x0800265c                EXTI14_IRQHandler
                0x0800265c                EXTI11_IRQHandler
                0x0800265c                DMA2_Channel5_IRQHandler
                0x0800265c                CRS_IRQHandler
                0x0800265c                DMA1_Channel5_IRQHandler
                0x0800265c                EXTI4_IRQHandler
                0x0800265c                RTC_S_IRQHandler
                0x0800265c                RNG_IRQHandler
                0x0800265c                DMAMUX1_S_IRQHandler
                0x0800265c                DMA1_Channel3_IRQHandler
                0x0800265c                COMP_IRQHandler
                0x0800265c                TIM1_UP_IRQHandler
                0x0800265c                WWDG_IRQHandler
                0x0800265c                I2C4_EV_IRQHandler
                0x0800265c                LPUART1_IRQHandler
                0x0800265c                DMA2_Channel6_IRQHandler
                0x0800265c                FDCAN1_IT0_IRQHandler
                0x0800265c                TIM2_IRQHandler
                0x0800265c                TAMP_S_IRQHandler
                0x0800265c                EXTI7_IRQHandler
                0x0800265c                TIM1_BRK_IRQHandler
                0x0800265c                DAC_IRQHandler
                0x0800265c                EXTI1_IRQHandler
                0x0800265c                GTZC_IRQHandler
                0x0800265c                USART2_IRQHandler
                0x0800265c                DFSDM1_FLT0_IRQHandler
                0x0800265c                I2C2_ER_IRQHandler
                0x0800265c                DMA1_Channel2_IRQHandler
                0x0800265c                TIM8_BRK_IRQHandler
                0x0800265c                FLASH_IRQHandler
                0x0800265c                USART1_IRQHandler
                0x0800265c                EXTI10_IRQHandler
                0x0800265c                SPI3_IRQHandler
                0x0800265c                I2C1_ER_IRQHandler
                0x0800265c                FMC_IRQHandler
                0x0800265c                LPTIM1_IRQHandler
                0x0800265c                I2C4_ER_IRQHandler
                0x0800265c                ICACHE_IRQHandler
                0x0800265c                SAI1_IRQHandler
                0x0800265c                HASH_IRQHandler
                0x0800265c                DMA2_Channel3_IRQHandler
 .text.HAL_Init
                0x0800265e       0x34 ./Drivers/STM32L5xx_HAL_Driver/Src/stm32l5xx_hal.o
                0x0800265e                HAL_Init
 *fill*         0x08002692        0x2 
 .text.HAL_IncTick
                0x08002694       0x28 ./Drivers/STM32L5xx_HAL_Driver/Src/stm32l5xx_hal.o
                0x08002694                HAL_IncTick
 .text.HAL_GetTick
                0x080026bc       0x18 ./Drivers/STM32L5xx_HAL_Driver/Src/stm32l5xx_hal.o
                0x080026bc                HAL_GetTick
 .text.HAL_Delay
                0x080026d4       0x48 ./Drivers/STM32L5xx_HAL_Driver/Src/stm32l5xx_hal.o
                0x080026d4                HAL_Delay
 .text.LL_ADC_SetCommonClock
                0x0800271c       0x26 ./Drivers/STM32L5xx_HAL_Driver/Src/stm32l5xx_hal_adc.o
 .text.LL_ADC_SetCommonPathInternalCh
                0x08002742       0x26 ./Drivers/STM32L5xx_HAL_Driver/Src/stm32l5xx_hal_adc.o
 .text.LL_ADC_GetCommonPathInternalCh
                0x08002768       0x1c ./Drivers/STM32L5xx_HAL_Driver/Src/stm32l5xx_hal_adc.o
 .text.LL_ADC_SetOffset
                0x08002784       0x48 ./Drivers/STM32L5xx_HAL_Driver/Src/stm32l5xx_hal_adc.o
 .text.LL_ADC_GetOffsetChannel
                0x080027cc       0x2c ./Drivers/STM32L5xx_HAL_Driver/Src/stm32l5xx_hal_adc.o
 .text.LL_ADC_SetOffsetState
                0x080027f8       0x36 ./Drivers/STM32L5xx_HAL_Driver/Src/stm32l5xx_hal_adc.o
 .text.LL_ADC_SetSamplingTimeCommonConfig
                0x0800282e       0x26 ./Drivers/STM32L5xx_HAL_Driver/Src/stm32l5xx_hal_adc.o
 .text.LL_ADC_REG_IsTriggerSourceSWStart
                0x08002854       0x26 ./Drivers/STM32L5xx_HAL_Driver/Src/stm32l5xx_hal_adc.o
 .text.LL_ADC_REG_SetSequencerRanks
                0x0800287a       0x58 ./Drivers/STM32L5xx_HAL_Driver/Src/stm32l5xx_hal_adc.o
 .text.LL_ADC_SetChannelSamplingTime
                0x080028d2       0x56 ./Drivers/STM32L5xx_HAL_Driver/Src/stm32l5xx_hal_adc.o
 .text.LL_ADC_SetChannelSingleDiff
                0x08002928       0x48 ./Drivers/STM32L5xx_HAL_Driver/Src/stm32l5xx_hal_adc.o
 .text.LL_ADC_GetMultimode
                0x08002970       0x1c ./Drivers/STM32L5xx_HAL_Driver/Src/stm32l5xx_hal_adc.o
 .text.LL_ADC_GetMultiDMATransfer
                0x0800298c       0x1c ./Drivers/STM32L5xx_HAL_Driver/Src/stm32l5xx_hal_adc.o
 .text.LL_ADC_DisableDeepPowerDown
                0x080029a8       0x24 ./Drivers/STM32L5xx_HAL_Driver/Src/stm32l5xx_hal_adc.o
 .text.LL_ADC_IsDeepPowerDownEnabled
                0x080029cc       0x28 ./Drivers/STM32L5xx_HAL_Driver/Src/stm32l5xx_hal_adc.o
 .text.LL_ADC_EnableInternalRegulator
                0x080029f4       0x28 ./Drivers/STM32L5xx_HAL_Driver/Src/stm32l5xx_hal_adc.o
 .text.LL_ADC_IsInternalRegulatorEnabled
                0x08002a1c       0x28 ./Drivers/STM32L5xx_HAL_Driver/Src/stm32l5xx_hal_adc.o
 .text.LL_ADC_Enable
                0x08002a44       0x28 ./Drivers/STM32L5xx_HAL_Driver/Src/stm32l5xx_hal_adc.o
 .text.LL_ADC_Disable
                0x08002a6c       0x28 ./Drivers/STM32L5xx_HAL_Driver/Src/stm32l5xx_hal_adc.o
 .text.LL_ADC_IsEnabled
                0x08002a94       0x26 ./Drivers/STM32L5xx_HAL_Driver/Src/stm32l5xx_hal_adc.o
 .text.LL_ADC_IsDisableOngoing
                0x08002aba       0x26 ./Drivers/STM32L5xx_HAL_Driver/Src/stm32l5xx_hal_adc.o
 .text.LL_ADC_REG_StartConversion
                0x08002ae0       0x28 ./Drivers/STM32L5xx_HAL_Driver/Src/stm32l5xx_hal_adc.o
 .text.LL_ADC_REG_StopConversion
                0x08002b08       0x28 ./Drivers/STM32L5xx_HAL_Driver/Src/stm32l5xx_hal_adc.o
 .text.LL_ADC_REG_IsConversionOngoing
                0x08002b30       0x26 ./Drivers/STM32L5xx_HAL_Driver/Src/stm32l5xx_hal_adc.o
 .text.LL_ADC_INJ_StopConversion
                0x08002b56       0x28 ./Drivers/STM32L5xx_HAL_Driver/Src/stm32l5xx_hal_adc.o
 .text.LL_ADC_INJ_IsConversionOngoing
                0x08002b7e       0x26 ./Drivers/STM32L5xx_HAL_Driver/Src/stm32l5xx_hal_adc.o
 .text.HAL_ADC_Init
                0x08002ba4      0x298 ./Drivers/STM32L5xx_HAL_Driver/Src/stm32l5xx_hal_adc.o
                0x08002ba4                HAL_ADC_Init
 .text.HAL_ADC_Start
                0x08002e3c      0x174 ./Drivers/STM32L5xx_HAL_Driver/Src/stm32l5xx_hal_adc.o
                0x08002e3c                HAL_ADC_Start
 .text.HAL_ADC_Stop
                0x08002fb0       0x66 ./Drivers/STM32L5xx_HAL_Driver/Src/stm32l5xx_hal_adc.o
                0x08002fb0                HAL_ADC_Stop
 *fill*         0x08003016        0x2 
 .text.HAL_ADC_PollForConversion
                0x08003018      0x1b0 ./Drivers/STM32L5xx_HAL_Driver/Src/stm32l5xx_hal_adc.o
                0x08003018                HAL_ADC_PollForConversion
 .text.HAL_ADC_GetValue
                0x080031c8       0x1a ./Drivers/STM32L5xx_HAL_Driver/Src/stm32l5xx_hal_adc.o
                0x080031c8                HAL_ADC_GetValue
 *fill*         0x080031e2        0x2 
 .text.HAL_ADC_ConfigChannel
                0x080031e4      0x7d4 ./Drivers/STM32L5xx_HAL_Driver/Src/stm32l5xx_hal_adc.o
                0x080031e4                HAL_ADC_ConfigChannel
 .text.ADC_ConversionStop
                0x080039b8      0x178 ./Drivers/STM32L5xx_HAL_Driver/Src/stm32l5xx_hal_adc.o
                0x080039b8                ADC_ConversionStop
 .text.ADC_Enable
                0x08003b30      0x10c ./Drivers/STM32L5xx_HAL_Driver/Src/stm32l5xx_hal_adc.o
                0x08003b30                ADC_Enable
 .text.ADC_Disable
                0x08003c3c       0xbe ./Drivers/STM32L5xx_HAL_Driver/Src/stm32l5xx_hal_adc.o
                0x08003c3c                ADC_Disable
 .text.LL_ADC_IsEnabled
                0x08003cfa       0x26 ./Drivers/STM32L5xx_HAL_Driver/Src/stm32l5xx_hal_adc_ex.o
 .text.LL_ADC_REG_IsConversionOngoing
                0x08003d20       0x26 ./Drivers/STM32L5xx_HAL_Driver/Src/stm32l5xx_hal_adc_ex.o
 *fill*         0x08003d46        0x2 
 .text.HAL_ADCEx_MultiModeConfigChannel
                0x08003d48      0x148 ./Drivers/STM32L5xx_HAL_Driver/Src/stm32l5xx_hal_adc_ex.o
                0x08003d48                HAL_ADCEx_MultiModeConfigChannel
 .text.__NVIC_SetPriorityGrouping
                0x08003e90       0x48 ./Drivers/STM32L5xx_HAL_Driver/Src/stm32l5xx_hal_cortex.o
 .text.__NVIC_GetPriorityGrouping
                0x08003ed8       0x1c ./Drivers/STM32L5xx_HAL_Driver/Src/stm32l5xx_hal_cortex.o
 .text.__NVIC_EnableIRQ
                0x08003ef4       0x3c ./Drivers/STM32L5xx_HAL_Driver/Src/stm32l5xx_hal_cortex.o
 .text.__NVIC_SetPriority
                0x08003f30       0x54 ./Drivers/STM32L5xx_HAL_Driver/Src/stm32l5xx_hal_cortex.o
 .text.NVIC_EncodePriority
                0x08003f84       0x66 ./Drivers/STM32L5xx_HAL_Driver/Src/stm32l5xx_hal_cortex.o
 .text.HAL_NVIC_SetPriorityGrouping
                0x08003fea       0x16 ./Drivers/STM32L5xx_HAL_Driver/Src/stm32l5xx_hal_cortex.o
                0x08003fea                HAL_NVIC_SetPriorityGrouping
 .text.HAL_NVIC_SetPriority
                0x08004000       0x34 ./Drivers/STM32L5xx_HAL_Driver/Src/stm32l5xx_hal_cortex.o
                0x08004000                HAL_NVIC_SetPriority
 .text.HAL_NVIC_EnableIRQ
                0x08004034       0x1c ./Drivers/STM32L5xx_HAL_Driver/Src/stm32l5xx_hal_cortex.o
                0x08004034                HAL_NVIC_EnableIRQ
 .text.HAL_GPIO_Init
                0x08004050      0x300 ./Drivers/STM32L5xx_HAL_Driver/Src/stm32l5xx_hal_gpio.o
                0x08004050                HAL_GPIO_Init
 .text.HAL_GPIO_ReadPin
                0x08004350       0x30 ./Drivers/STM32L5xx_HAL_Driver/Src/stm32l5xx_hal_gpio.o
                0x08004350                HAL_GPIO_ReadPin
 .text.HAL_GPIO_WritePin
                0x08004380       0x30 ./Drivers/STM32L5xx_HAL_Driver/Src/stm32l5xx_hal_gpio.o
                0x08004380                HAL_GPIO_WritePin
 .text.HAL_GPIO_EXTI_IRQHandler
                0x080043b0       0x4c ./Drivers/STM32L5xx_HAL_Driver/Src/stm32l5xx_hal_gpio.o
                0x080043b0                HAL_GPIO_EXTI_IRQHandler
 .text.HAL_GPIO_EXTI_Rising_Callback
                0x080043fc       0x16 ./Drivers/STM32L5xx_HAL_Driver/Src/stm32l5xx_hal_gpio.o
                0x080043fc                HAL_GPIO_EXTI_Rising_Callback
 .text.HAL_GPIO_EXTI_Falling_Callback
                0x08004412       0x16 ./Drivers/STM32L5xx_HAL_Driver/Src/stm32l5xx_hal_gpio.o
                0x08004412                HAL_GPIO_EXTI_Falling_Callback
 .text.HAL_I2C_Init
                0x08004428      0x136 ./Drivers/STM32L5xx_HAL_Driver/Src/stm32l5xx_hal_i2c.o
                0x08004428                HAL_I2C_Init
 *fill*         0x0800455e        0x2 
 .text.HAL_I2C_Master_Transmit
                0x08004560      0x230 ./Drivers/STM32L5xx_HAL_Driver/Src/stm32l5xx_hal_i2c.o
                0x08004560                HAL_I2C_Master_Transmit
 .text.HAL_I2C_Mem_Write
                0x08004790      0x228 ./Drivers/STM32L5xx_HAL_Driver/Src/stm32l5xx_hal_i2c.o
                0x08004790                HAL_I2C_Mem_Write
 .text.HAL_I2C_Mem_Read
                0x080049b8      0x234 ./Drivers/STM32L5xx_HAL_Driver/Src/stm32l5xx_hal_i2c.o
                0x080049b8                HAL_I2C_Mem_Read
 .text.HAL_I2C_IsDeviceReady
                0x08004bec      0x1d8 ./Drivers/STM32L5xx_HAL_Driver/Src/stm32l5xx_hal_i2c.o
                0x08004bec                HAL_I2C_IsDeviceReady
 .text.I2C_RequestMemoryWrite
                0x08004dc4       0xa8 ./Drivers/STM32L5xx_HAL_Driver/Src/stm32l5xx_hal_i2c.o
 .text.I2C_RequestMemoryRead
                0x08004e6c       0xa8 ./Drivers/STM32L5xx_HAL_Driver/Src/stm32l5xx_hal_i2c.o
 .text.I2C_Flush_TXDR
                0x08004f14       0x48 ./Drivers/STM32L5xx_HAL_Driver/Src/stm32l5xx_hal_i2c.o
 .text.I2C_WaitOnFlagUntilTimeout
                0x08004f5c       0xb2 ./Drivers/STM32L5xx_HAL_Driver/Src/stm32l5xx_hal_i2c.o
 .text.I2C_WaitOnTXISFlagUntilTimeout
                0x0800500e       0x8e ./Drivers/STM32L5xx_HAL_Driver/Src/stm32l5xx_hal_i2c.o
 .text.I2C_WaitOnSTOPFlagUntilTimeout
                0x0800509c       0x86 ./Drivers/STM32L5xx_HAL_Driver/Src/stm32l5xx_hal_i2c.o
 *fill*         0x08005122        0x2 
 .text.I2C_IsErrorOccurred
                0x08005124      0x1c0 ./Drivers/STM32L5xx_HAL_Driver/Src/stm32l5xx_hal_i2c.o
 .text.I2C_TransferConfig
                0x080052e4       0x64 ./Drivers/STM32L5xx_HAL_Driver/Src/stm32l5xx_hal_i2c.o
 .text.HAL_I2CEx_ConfigAnalogFilter
                0x08005348       0x96 ./Drivers/STM32L5xx_HAL_Driver/Src/stm32l5xx_hal_i2c_ex.o
                0x08005348                HAL_I2CEx_ConfigAnalogFilter
 .text.HAL_I2CEx_ConfigDigitalFilter
                0x080053de       0x98 ./Drivers/STM32L5xx_HAL_Driver/Src/stm32l5xx_hal_i2c_ex.o
                0x080053de                HAL_I2CEx_ConfigDigitalFilter
 *fill*         0x08005476        0x2 
 .text.HAL_ICACHE_Enable
                0x08005478       0x20 ./Drivers/STM32L5xx_HAL_Driver/Src/stm32l5xx_hal_icache.o
                0x08005478                HAL_ICACHE_Enable
 .text.HAL_PWREx_GetVoltageRange
                0x08005498       0x1c ./Drivers/STM32L5xx_HAL_Driver/Src/stm32l5xx_hal_pwr_ex.o
                0x08005498                HAL_PWREx_GetVoltageRange
 .text.HAL_PWREx_ControlVoltageScaling
                0x080054b4       0xb8 ./Drivers/STM32L5xx_HAL_Driver/Src/stm32l5xx_hal_pwr_ex.o
                0x080054b4                HAL_PWREx_ControlVoltageScaling
 .text.HAL_PWREx_EnableVddIO2
                0x0800556c       0x20 ./Drivers/STM32L5xx_HAL_Driver/Src/stm32l5xx_hal_pwr_ex.o
                0x0800556c                HAL_PWREx_EnableVddIO2
 .text.HAL_PWREx_DisableUCPDDeadBattery
                0x0800558c       0x20 ./Drivers/STM32L5xx_HAL_Driver/Src/stm32l5xx_hal_pwr_ex.o
                0x0800558c                HAL_PWREx_DisableUCPDDeadBattery
 .text.HAL_PWREx_SMPS_GetEffectiveMode
                0x080055ac       0x48 ./Drivers/STM32L5xx_HAL_Driver/Src/stm32l5xx_hal_pwr_ex.o
                0x080055ac                HAL_PWREx_SMPS_GetEffectiveMode
 .text.HAL_RCC_OscConfig
                0x080055f4      0x9ac ./Drivers/STM32L5xx_HAL_Driver/Src/stm32l5xx_hal_rcc.o
                0x080055f4                HAL_RCC_OscConfig
 .text.HAL_RCC_ClockConfig
                0x08005fa0      0x270 ./Drivers/STM32L5xx_HAL_Driver/Src/stm32l5xx_hal_rcc.o
                0x08005fa0                HAL_RCC_ClockConfig
 .text.HAL_RCC_GetSysClockFreq
                0x08006210      0x13c ./Drivers/STM32L5xx_HAL_Driver/Src/stm32l5xx_hal_rcc.o
                0x08006210                HAL_RCC_GetSysClockFreq
 .text.HAL_RCC_GetHCLKFreq
                0x0800634c       0x28 ./Drivers/STM32L5xx_HAL_Driver/Src/stm32l5xx_hal_rcc.o
                0x0800634c                HAL_RCC_GetHCLKFreq
 .text.HAL_RCC_GetPCLK1Freq
                0x08006374       0x28 ./Drivers/STM32L5xx_HAL_Driver/Src/stm32l5xx_hal_rcc.o
                0x08006374                HAL_RCC_GetPCLK1Freq
 .text.HAL_RCC_GetPCLK2Freq
                0x0800639c       0x28 ./Drivers/STM32L5xx_HAL_Driver/Src/stm32l5xx_hal_rcc.o
                0x0800639c                HAL_RCC_GetPCLK2Freq
 .text.HAL_RCC_GetClockConfig
                0x080063c4       0x64 ./Drivers/STM32L5xx_HAL_Driver/Src/stm32l5xx_hal_rcc.o
                0x080063c4                HAL_RCC_GetClockConfig
 .text.RCC_SetFlashLatencyFromMSIRange
                0x08006428       0xc8 ./Drivers/STM32L5xx_HAL_Driver/Src/stm32l5xx_hal_rcc.o
 .text.RCC_GetSysClockFreqFromPLLSource
                0x080064f0       0xdc ./Drivers/STM32L5xx_HAL_Driver/Src/stm32l5xx_hal_rcc.o
 .text.HAL_RCCEx_PeriphCLKConfig
                0x080065cc      0x708 ./Drivers/STM32L5xx_HAL_Driver/Src/stm32l5xx_hal_rcc_ex.o
                0x080065cc                HAL_RCCEx_PeriphCLKConfig
 .text.RCCEx_PLLSAI1_Config
                0x08006cd4      0x1cc ./Drivers/STM32L5xx_HAL_Driver/Src/stm32l5xx_hal_rcc_ex.o
 .text.RCCEx_PLLSAI2_Config
                0x08006ea0      0x158 ./Drivers/STM32L5xx_HAL_Driver/Src/stm32l5xx_hal_rcc_ex.o
 .text.HAL_TIM_Base_Init
                0x08006ff8       0xae ./Drivers/STM32L5xx_HAL_Driver/Src/stm32l5xx_hal_tim.o
                0x08006ff8                HAL_TIM_Base_Init
 .text.HAL_TIM_Base_MspInit
                0x080070a6       0x14 ./Drivers/STM32L5xx_HAL_Driver/Src/stm32l5xx_hal_tim.o
                0x080070a6                HAL_TIM_Base_MspInit
 *fill*         0x080070ba        0x2 
 .text.HAL_TIM_Base_Start_IT
                0x080070bc       0xe0 ./Drivers/STM32L5xx_HAL_Driver/Src/stm32l5xx_hal_tim.o
                0x080070bc                HAL_TIM_Base_Start_IT
 .text.HAL_TIM_PWM_Init
                0x0800719c       0xae ./Drivers/STM32L5xx_HAL_Driver/Src/stm32l5xx_hal_tim.o
                0x0800719c                HAL_TIM_PWM_Init
 *fill*         0x0800724a        0x2 
 .text.HAL_TIM_PWM_Start
                0x0800724c      0x20c ./Drivers/STM32L5xx_HAL_Driver/Src/stm32l5xx_hal_tim.o
                0x0800724c                HAL_TIM_PWM_Start
 .text.HAL_TIM_IRQHandler
                0x08007458      0x20e ./Drivers/STM32L5xx_HAL_Driver/Src/stm32l5xx_hal_tim.o
                0x08007458                HAL_TIM_IRQHandler
 *fill*         0x08007666        0x2 
 .text.HAL_TIM_PWM_ConfigChannel
                0x08007668      0x228 ./Drivers/STM32L5xx_HAL_Driver/Src/stm32l5xx_hal_tim.o
                0x08007668                HAL_TIM_PWM_ConfigChannel
 .text.HAL_TIM_OC_DelayElapsedCallback
                0x08007890       0x14 ./Drivers/STM32L5xx_HAL_Driver/Src/stm32l5xx_hal_tim.o
                0x08007890                HAL_TIM_OC_DelayElapsedCallback
 .text.HAL_TIM_IC_CaptureCallback
                0x080078a4       0x14 ./Drivers/STM32L5xx_HAL_Driver/Src/stm32l5xx_hal_tim.o
                0x080078a4                HAL_TIM_IC_CaptureCallback
 .text.HAL_TIM_PWM_PulseFinishedCallback
                0x080078b8       0x14 ./Drivers/STM32L5xx_HAL_Driver/Src/stm32l5xx_hal_tim.o
                0x080078b8                HAL_TIM_PWM_PulseFinishedCallback
 .text.HAL_TIM_TriggerCallback
                0x080078cc       0x14 ./Drivers/STM32L5xx_HAL_Driver/Src/stm32l5xx_hal_tim.o
                0x080078cc                HAL_TIM_TriggerCallback
 .text.TIM_Base_SetConfig
                0x080078e0      0x14c ./Drivers/STM32L5xx_HAL_Driver/Src/stm32l5xx_hal_tim.o
                0x080078e0                TIM_Base_SetConfig
 .text.TIM_OC1_SetConfig
                0x08007a2c      0x120 ./Drivers/STM32L5xx_HAL_Driver/Src/stm32l5xx_hal_tim.o
 .text.TIM_OC2_SetConfig
                0x08007b4c      0x114 ./Drivers/STM32L5xx_HAL_Driver/Src/stm32l5xx_hal_tim.o
                0x08007b4c                TIM_OC2_SetConfig
 .text.TIM_OC3_SetConfig
                0x08007c60      0x110 ./Drivers/STM32L5xx_HAL_Driver/Src/stm32l5xx_hal_tim.o
 .text.TIM_OC4_SetConfig
                0x08007d70       0xd4 ./Drivers/STM32L5xx_HAL_Driver/Src/stm32l5xx_hal_tim.o
 .text.TIM_OC5_SetConfig
                0x08007e44       0xc8 ./Drivers/STM32L5xx_HAL_Driver/Src/stm32l5xx_hal_tim.o
 .text.TIM_OC6_SetConfig
                0x08007f0c       0xcc ./Drivers/STM32L5xx_HAL_Driver/Src/stm32l5xx_hal_tim.o
 .text.TIM_CCxChannelCmd
                0x08007fd8       0x4a ./Drivers/STM32L5xx_HAL_Driver/Src/stm32l5xx_hal_tim.o
                0x08007fd8                TIM_CCxChannelCmd
 *fill*         0x08008022        0x2 
 .text.HAL_TIMEx_MasterConfigSynchronization
                0x08008024      0x110 ./Drivers/STM32L5xx_HAL_Driver/Src/stm32l5xx_hal_tim_ex.o
                0x08008024                HAL_TIMEx_MasterConfigSynchronization
 .text.HAL_TIMEx_ConfigBreakDeadTime
                0x08008134      0x118 ./Drivers/STM32L5xx_HAL_Driver/Src/stm32l5xx_hal_tim_ex.o
                0x08008134                HAL_TIMEx_ConfigBreakDeadTime
 .text.HAL_TIMEx_CommutCallback
                0x0800824c       0x14 ./Drivers/STM32L5xx_HAL_Driver/Src/stm32l5xx_hal_tim_ex.o
                0x0800824c                HAL_TIMEx_CommutCallback
 .text.HAL_TIMEx_BreakCallback
                0x08008260       0x14 ./Drivers/STM32L5xx_HAL_Driver/Src/stm32l5xx_hal_tim_ex.o
                0x08008260                HAL_TIMEx_BreakCallback
 .text.HAL_TIMEx_Break2Callback
                0x08008274       0x14 ./Drivers/STM32L5xx_HAL_Driver/Src/stm32l5xx_hal_tim_ex.o
                0x08008274                HAL_TIMEx_Break2Callback
 .text.HAL_UART_Init
                0x08008288       0xa0 ./Drivers/STM32L5xx_HAL_Driver/Src/stm32l5xx_hal_uart.o
                0x08008288                HAL_UART_Init
 .text.HAL_UART_Transmit
                0x08008328      0x11c ./Drivers/STM32L5xx_HAL_Driver/Src/stm32l5xx_hal_uart.o
                0x08008328                HAL_UART_Transmit
 .text.UART_SetConfig
                0x08008444      0x600 ./Drivers/STM32L5xx_HAL_Driver/Src/stm32l5xx_hal_uart.o
                0x08008444                UART_SetConfig
 .text.UART_AdvFeatureConfig
                0x08008a44      0x144 ./Drivers/STM32L5xx_HAL_Driver/Src/stm32l5xx_hal_uart.o
                0x08008a44                UART_AdvFeatureConfig
 .text.UART_CheckIdleState
                0x08008b88      0x154 ./Drivers/STM32L5xx_HAL_Driver/Src/stm32l5xx_hal_uart.o
                0x08008b88                UART_CheckIdleState
 .text.UART_WaitOnFlagUntilTimeout
                0x08008cdc       0xda ./Drivers/STM32L5xx_HAL_Driver/Src/stm32l5xx_hal_uart.o
                0x08008cdc                UART_WaitOnFlagUntilTimeout
 .text.UART_EndRxTransfer
                0x08008db6       0xcc ./Drivers/STM32L5xx_HAL_Driver/Src/stm32l5xx_hal_uart.o
 .text.HAL_UARTEx_DisableFifoMode
                0x08008e82       0x72 ./Drivers/STM32L5xx_HAL_Driver/Src/stm32l5xx_hal_uart_ex.o
                0x08008e82                HAL_UARTEx_DisableFifoMode
 .text.HAL_UARTEx_SetTxFifoThreshold
                0x08008ef4       0x7c ./Drivers/STM32L5xx_HAL_Driver/Src/stm32l5xx_hal_uart_ex.o
                0x08008ef4                HAL_UARTEx_SetTxFifoThreshold
 .text.HAL_UARTEx_SetRxFifoThreshold
                0x08008f70       0x7c ./Drivers/STM32L5xx_HAL_Driver/Src/stm32l5xx_hal_uart_ex.o
                0x08008f70                HAL_UARTEx_SetRxFifoThreshold
 .text.UARTEx_SetNbDataToProcess
                0x08008fec       0x9c ./Drivers/STM32L5xx_HAL_Driver/Src/stm32l5xx_hal_uart_ex.o
 .text.__NVIC_SetPriority
                0x08009088       0x54 ./Middlewares/Third_Party/FreeRTOS/Source/CMSIS_RTOS_V2/cmsis_os2.o
 .text.SysTick_Handler
                0x080090dc       0x20 ./Middlewares/Third_Party/FreeRTOS/Source/CMSIS_RTOS_V2/cmsis_os2.o
                0x080090dc                SysTick_Handler
 .text.SVC_Setup
                0x080090fc       0x12 ./Middlewares/Third_Party/FreeRTOS/Source/CMSIS_RTOS_V2/cmsis_os2.o
 *fill*         0x0800910e        0x2 
 .text.osKernelInitialize
                0x08009110       0x48 ./Middlewares/Third_Party/FreeRTOS/Source/CMSIS_RTOS_V2/cmsis_os2.o
                0x08009110                osKernelInitialize
 .text.osKernelStart
                0x08009158       0x4c ./Middlewares/Third_Party/FreeRTOS/Source/CMSIS_RTOS_V2/cmsis_os2.o
                0x08009158                osKernelStart
 .text.osThreadNew
                0x080091a4      0x124 ./Middlewares/Third_Party/FreeRTOS/Source/CMSIS_RTOS_V2/cmsis_os2.o
                0x080091a4                osThreadNew
 .text.osMessageQueueNew
                0x080092c8       0xe6 ./Middlewares/Third_Party/FreeRTOS/Source/CMSIS_RTOS_V2/cmsis_os2.o
                0x080092c8                osMessageQueueNew
 *fill*         0x080093ae        0x2 
 .text.vApplicationGetIdleTaskMemory
                0x080093b0       0x34 ./Middlewares/Third_Party/FreeRTOS/Source/CMSIS_RTOS_V2/cmsis_os2.o
                0x080093b0                vApplicationGetIdleTaskMemory
 .text.vApplicationGetTimerTaskMemory
                0x080093e4       0x34 ./Middlewares/Third_Party/FreeRTOS/Source/CMSIS_RTOS_V2/cmsis_os2.o
                0x080093e4                vApplicationGetTimerTaskMemory
 .text.vListInitialise
                0x08009418       0x40 ./Middlewares/Third_Party/FreeRTOS/Source/list.o
                0x08009418                vListInitialise
 .text.vListInitialiseItem
                0x08009458       0x1a ./Middlewares/Third_Party/FreeRTOS/Source/list.o
                0x08009458                vListInitialiseItem
 .text.vListInsertEnd
                0x08009472       0x48 ./Middlewares/Third_Party/FreeRTOS/Source/list.o
                0x08009472                vListInsertEnd
 .text.vListInsert
                0x080094ba       0x72 ./Middlewares/Third_Party/FreeRTOS/Source/list.o
                0x080094ba                vListInsert
 .text.uxListRemove
                0x0800952c       0x54 ./Middlewares/Third_Party/FreeRTOS/Source/list.o
                0x0800952c                uxListRemove
 .text.xQueueGenericReset
                0x08009580       0xb2 ./Middlewares/Third_Party/FreeRTOS/Source/queue.o
                0x08009580                xQueueGenericReset
 .text.xQueueGenericCreateStatic
                0x08009632       0xaa ./Middlewares/Third_Party/FreeRTOS/Source/queue.o
                0x08009632                xQueueGenericCreateStatic
 .text.xQueueGenericCreate
                0x080096dc       0x66 ./Middlewares/Third_Party/FreeRTOS/Source/queue.o
                0x080096dc                xQueueGenericCreate
 .text.prvInitialiseNewQueue
                0x08009742       0x46 ./Middlewares/Third_Party/FreeRTOS/Source/queue.o
 .text.xQueueGenericSend
                0x08009788      0x19a ./Middlewares/Third_Party/FreeRTOS/Source/queue.o
                0x08009788                xQueueGenericSend
 .text.xQueueGenericSendFromISR
                0x08009922       0xe8 ./Middlewares/Third_Party/FreeRTOS/Source/queue.o
                0x08009922                xQueueGenericSendFromISR
 .text.xQueueReceive
                0x08009a0a      0x178 ./Middlewares/Third_Party/FreeRTOS/Source/queue.o
                0x08009a0a                xQueueReceive
 .text.prvCopyDataToQueue
                0x08009b82       0xd4 ./Middlewares/Third_Party/FreeRTOS/Source/queue.o
 .text.prvCopyDataFromQueue
                0x08009c56       0x4c ./Middlewares/Third_Party/FreeRTOS/Source/queue.o
 .text.prvUnlockQueue
                0x08009ca2       0xa4 ./Middlewares/Third_Party/FreeRTOS/Source/queue.o
 .text.prvIsQueueEmpty
                0x08009d46       0x2c ./Middlewares/Third_Party/FreeRTOS/Source/queue.o
 .text.prvIsQueueFull
                0x08009d72       0x30 ./Middlewares/Third_Party/FreeRTOS/Source/queue.o
 *fill*         0x08009da2        0x2 
 .text.vQueueAddToRegistry
                0x08009da4       0x54 ./Middlewares/Third_Party/FreeRTOS/Source/queue.o
                0x08009da4                vQueueAddToRegistry
 .text.vQueueWaitForMessageRestricted
                0x08009df8       0x68 ./Middlewares/Third_Party/FreeRTOS/Source/queue.o
                0x08009df8                vQueueWaitForMessageRestricted
 .text.xTaskCreateStatic
                0x08009e60       0x90 ./Middlewares/Third_Party/FreeRTOS/Source/tasks.o
                0x08009e60                xTaskCreateStatic
 .text.xTaskCreate
                0x08009ef0       0x8a ./Middlewares/Third_Party/FreeRTOS/Source/tasks.o
                0x08009ef0                xTaskCreate
 *fill*         0x08009f7a        0x2 
 .text.prvInitialiseNewTask
                0x08009f7c      0x144 ./Middlewares/Third_Party/FreeRTOS/Source/tasks.o
 .text.prvAddNewTaskToReadyList
                0x0800a0c0       0xd0 ./Middlewares/Third_Party/FreeRTOS/Source/tasks.o
 .text.vTaskDelayUntil
                0x0800a190       0xc0 ./Middlewares/Third_Party/FreeRTOS/Source/tasks.o
                0x0800a190                vTaskDelayUntil
 .text.vTaskStartScheduler
                0x0800a250       0xc0 ./Middlewares/Third_Party/FreeRTOS/Source/tasks.o
                0x0800a250                vTaskStartScheduler
 .text.vTaskSuspendAll
                0x0800a310       0x1c ./Middlewares/Third_Party/FreeRTOS/Source/tasks.o
                0x0800a310                vTaskSuspendAll
 .text.xTaskResumeAll
                0x0800a32c      0x11c ./Middlewares/Third_Party/FreeRTOS/Source/tasks.o
                0x0800a32c                xTaskResumeAll
 .text.xTaskGetTickCount
                0x0800a448       0x20 ./Middlewares/Third_Party/FreeRTOS/Source/tasks.o
                0x0800a448                xTaskGetTickCount
 .text.xTaskIncrementTick
                0x0800a468      0x164 ./Middlewares/Third_Party/FreeRTOS/Source/tasks.o
                0x0800a468                xTaskIncrementTick
 .text.vTaskSwitchContext
                0x0800a5cc       0xb8 ./Middlewares/Third_Party/FreeRTOS/Source/tasks.o
                0x0800a5cc                vTaskSwitchContext
 .text.vTaskPlaceOnEventList
                0x0800a684       0x3c ./Middlewares/Third_Party/FreeRTOS/Source/tasks.o
                0x0800a684                vTaskPlaceOnEventList
 .text.vTaskPlaceOnEventListRestricted
                0x0800a6c0       0x48 ./Middlewares/Third_Party/FreeRTOS/Source/tasks.o
                0x0800a6c0                vTaskPlaceOnEventListRestricted
 .text.xTaskRemoveFromEventList
                0x0800a708       0xb8 ./Middlewares/Third_Party/FreeRTOS/Source/tasks.o
                0x0800a708                xTaskRemoveFromEventList
 .text.vTaskInternalSetTimeOutState
                0x0800a7c0       0x2c ./Middlewares/Third_Party/FreeRTOS/Source/tasks.o
                0x0800a7c0                vTaskInternalSetTimeOutState
 .text.xTaskCheckForTimeOut
                0x0800a7ec       0xa8 ./Middlewares/Third_Party/FreeRTOS/Source/tasks.o
                0x0800a7ec                xTaskCheckForTimeOut
 .text.vTaskMissedYield
                0x0800a894       0x18 ./Middlewares/Third_Party/FreeRTOS/Source/tasks.o
                0x0800a894                vTaskMissedYield
 .text.prvIdleTask
                0x0800a8ac       0x20 ./Middlewares/Third_Party/FreeRTOS/Source/tasks.o
 .text.prvInitialiseTaskLists
                0x0800a8cc       0x80 ./Middlewares/Third_Party/FreeRTOS/Source/tasks.o
 .text.prvCheckTasksWaitingTermination
                0x0800a94c       0x5c ./Middlewares/Third_Party/FreeRTOS/Source/tasks.o
 .text.prvDeleteTCB
                0x0800a9a8       0x5a ./Middlewares/Third_Party/FreeRTOS/Source/tasks.o
 *fill*         0x0800aa02        0x2 
 .text.prvResetNextTaskUnblockTime
                0x0800aa04       0x40 ./Middlewares/Third_Party/FreeRTOS/Source/tasks.o
 .text.xTaskGetSchedulerState
                0x0800aa44       0x3c ./Middlewares/Third_Party/FreeRTOS/Source/tasks.o
                0x0800aa44                xTaskGetSchedulerState
 .text.xTaskPriorityDisinherit
                0x0800aa80       0xc0 ./Middlewares/Third_Party/FreeRTOS/Source/tasks.o
                0x0800aa80                xTaskPriorityDisinherit
 .text.prvAddCurrentTaskToDelayedList
                0x0800ab40       0xa8 ./Middlewares/Third_Party/FreeRTOS/Source/tasks.o
 .text.xTimerCreateTimerTask
                0x0800abe8       0x80 ./Middlewares/Third_Party/FreeRTOS/Source/timers.o
                0x0800abe8                xTimerCreateTimerTask
 .text.xTimerCreate
                0x0800ac68       0x42 ./Middlewares/Third_Party/FreeRTOS/Source/timers.o
                0x0800ac68                xTimerCreate
 .text.prvInitialiseNewTimer
                0x0800acaa       0x68 ./Middlewares/Third_Party/FreeRTOS/Source/timers.o
 *fill*         0x0800ad12        0x2 
 .text.xTimerGenericCommand
                0x0800ad14       0x8c ./Middlewares/Third_Party/FreeRTOS/Source/timers.o
                0x0800ad14                xTimerGenericCommand
 .text.prvProcessExpiredTimer
                0x0800ada0       0x8c ./Middlewares/Third_Party/FreeRTOS/Source/timers.o
 .text.prvTimerTask
                0x0800ae2c       0x26 ./Middlewares/Third_Party/FreeRTOS/Source/timers.o
 *fill*         0x0800ae52        0x2 
 .text.prvProcessTimerOrBlockTask
                0x0800ae54       0x8c ./Middlewares/Third_Party/FreeRTOS/Source/timers.o
 .text.prvGetNextExpireTime
                0x0800aee0       0x48 ./Middlewares/Third_Party/FreeRTOS/Source/timers.o
 .text.prvSampleTimeNow
                0x0800af28       0x40 ./Middlewares/Third_Party/FreeRTOS/Source/timers.o
 .text.prvInsertTimerInActiveList
                0x0800af68       0x84 ./Middlewares/Third_Party/FreeRTOS/Source/timers.o
 .text.prvProcessReceivedCommands
                0x0800afec      0x1a0 ./Middlewares/Third_Party/FreeRTOS/Source/timers.o
 .text.prvSwitchTimerLists
                0x0800b18c       0xbc ./Middlewares/Third_Party/FreeRTOS/Source/timers.o
 .text.prvCheckForValidListAndQueue
                0x0800b248       0x80 ./Middlewares/Third_Party/FreeRTOS/Source/timers.o
 .text.vPortSetupTimerInterrupt
                0x0800b2c8       0x48 ./Middlewares/Third_Party/FreeRTOS/Source/portable/GCC/ARM_CM33_NTZ/non_secure/port.o
                0x0800b2c8                vPortSetupTimerInterrupt
 .text.prvTaskExitError
                0x0800b310       0x38 ./Middlewares/Third_Party/FreeRTOS/Source/portable/GCC/ARM_CM33_NTZ/non_secure/port.o
 .text.vPortYield
                0x0800b348       0x24 ./Middlewares/Third_Party/FreeRTOS/Source/portable/GCC/ARM_CM33_NTZ/non_secure/port.o
                0x0800b348                vPortYield
 .text.vPortEnterCritical
                0x0800b36c       0x24 ./Middlewares/Third_Party/FreeRTOS/Source/portable/GCC/ARM_CM33_NTZ/non_secure/port.o
                0x0800b36c                vPortEnterCritical
 .text.vPortExitCritical
                0x0800b390       0x34 ./Middlewares/Third_Party/FreeRTOS/Source/portable/GCC/ARM_CM33_NTZ/non_secure/port.o
                0x0800b390                vPortExitCritical
 .text.xPortSysTickHandler
                0x0800b3c4       0x30 ./Middlewares/Third_Party/FreeRTOS/Source/portable/GCC/ARM_CM33_NTZ/non_secure/port.o
                0x0800b3c4                xPortSysTickHandler
 .text.vPortSVCHandler_C
                0x0800b3f4       0x32 ./Middlewares/Third_Party/FreeRTOS/Source/portable/GCC/ARM_CM33_NTZ/non_secure/port.o
                0x0800b3f4                vPortSVCHandler_C
 *fill*         0x0800b426        0x2 
 .text.pxPortInitialiseStack
                0x0800b428      0x114 ./Middlewares/Third_Party/FreeRTOS/Source/portable/GCC/ARM_CM33_NTZ/non_secure/port.o
                0x0800b428                pxPortInitialiseStack
 .text.xPortStartScheduler
                0x0800b53c       0x40 ./Middlewares/Third_Party/FreeRTOS/Source/portable/GCC/ARM_CM33_NTZ/non_secure/port.o
                0x0800b53c                xPortStartScheduler
 *fill*         0x0800b57c        0x4 
 .text.vRestoreContextOfFirstTask
                0x0800b580       0x28 ./Middlewares/Third_Party/FreeRTOS/Source/portable/GCC/ARM_CM33_NTZ/non_secure/portasm.o
                0x0800b580                vRestoreContextOfFirstTask
 *fill*         0x0800b5a8        0x8 
 .text.vStartFirstTask
                0x0800b5b0       0x28 ./Middlewares/Third_Party/FreeRTOS/Source/portable/GCC/ARM_CM33_NTZ/non_secure/portasm.o
                0x0800b5b0                vStartFirstTask
 .text.ulSetInterruptMask
                0x0800b5d8       0x1a ./Middlewares/Third_Party/FreeRTOS/Source/portable/GCC/ARM_CM33_NTZ/non_secure/portasm.o
                0x0800b5d8                ulSetInterruptMask
 .text.vClearInterruptMask
                0x0800b5f2       0x10 ./Middlewares/Third_Party/FreeRTOS/Source/portable/GCC/ARM_CM33_NTZ/non_secure/portasm.o
                0x0800b5f2                vClearInterruptMask
 *fill*         0x0800b602        0xe 
 .text.PendSV_Handler
                0x0800b610       0x58 ./Middlewares/Third_Party/FreeRTOS/Source/portable/GCC/ARM_CM33_NTZ/non_secure/portasm.o
                0x0800b610                PendSV_Handler
 *fill*         0x0800b668        0x8 
 .text.SVC_Handler
                0x0800b670       0x28 ./Middlewares/Third_Party/FreeRTOS/Source/portable/GCC/ARM_CM33_NTZ/non_secure/portasm.o
                0x0800b670                SVC_Handler
 .text.pvPortMalloc
                0x0800b698      0x16c ./Middlewares/Third_Party/FreeRTOS/Source/portable/MemMang/heap_4.o
                0x0800b698                pvPortMalloc
 .text.vPortFree
                0x0800b804       0xa8 ./Middlewares/Third_Party/FreeRTOS/Source/portable/MemMang/heap_4.o
                0x0800b804                vPortFree
 .text.prvHeapInit
                0x0800b8ac       0xc4 ./Middlewares/Third_Party/FreeRTOS/Source/portable/MemMang/heap_4.o
 .text.prvInsertBlockIntoFreeList
                0x0800b970       0xb4 ./Middlewares/Third_Party/FreeRTOS/Source/portable/MemMang/heap_4.o
 .text.std      0x0800ba24       0x6c C:/ST/STM32CubeIDE_1.18.1/STM32CubeIDE/plugins/com.st.stm32cube.ide.mcu.externaltools.gnu-tools-for-stm32.14.3.rel1.win32_1.0.100.202602081740/tools/bin/../lib/gcc/arm-none-eabi/14.3.1/../../../../arm-none-eabi/lib/thumb/v8-m.main+fp/hard\libc_nano.a(libc_a-findfp.o)
 .text.stdio_exit_handler
                0x0800ba90       0x18 C:/ST/STM32CubeIDE_1.18.1/STM32CubeIDE/plugins/com.st.stm32cube.ide.mcu.externaltools.gnu-tools-for-stm32.14.3.rel1.win32_1.0.100.202602081740/tools/bin/../lib/gcc/arm-none-eabi/14.3.1/../../../../arm-none-eabi/lib/thumb/v8-m.main+fp/hard\libc_nano.a(libc_a-findfp.o)
 .text.cleanup_stdio
                0x0800baa8       0x40 C:/ST/STM32CubeIDE_1.18.1/STM32CubeIDE/plugins/com.st.stm32cube.ide.mcu.externaltools.gnu-tools-for-stm32.14.3.rel1.win32_1.0.100.202602081740/tools/bin/../lib/gcc/arm-none-eabi/14.3.1/../../../../arm-none-eabi/lib/thumb/v8-m.main+fp/hard\libc_nano.a(libc_a-findfp.o)
 .text.global_stdio_init.part.0
                0x0800bae8       0x40 C:/ST/STM32CubeIDE_1.18.1/STM32CubeIDE/plugins/com.st.stm32cube.ide.mcu.externaltools.gnu-tools-for-stm32.14.3.rel1.win32_1.0.100.202602081740/tools/bin/../lib/gcc/arm-none-eabi/14.3.1/../../../../arm-none-eabi/lib/thumb/v8-m.main+fp/hard\libc_nano.a(libc_a-findfp.o)
 .text.__sfp_lock_acquire
                0x0800bb28        0xc C:/ST/STM32CubeIDE_1.18.1/STM32CubeIDE/plugins/com.st.stm32cube.ide.mcu.externaltools.gnu-tools-for-stm32.14.3.rel1.win32_1.0.100.202602081740/tools/bin/../lib/gcc/arm-none-eabi/14.3.1/../../../../arm-none-eabi/lib/thumb/v8-m.main+fp/hard\libc_nano.a(libc_a-findfp.o)
                0x0800bb28                __sfp_lock_acquire
 .text.__sfp_lock_release
                0x0800bb34        0xc C:/ST/STM32CubeIDE_1.18.1/STM32CubeIDE/plugins/com.st.stm32cube.ide.mcu.externaltools.gnu-tools-for-stm32.14.3.rel1.win32_1.0.100.202602081740/tools/bin/../lib/gcc/arm-none-eabi/14.3.1/../../../../arm-none-eabi/lib/thumb/v8-m.main+fp/hard\libc_nano.a(libc_a-findfp.o)
                0x0800bb34                __sfp_lock_release
 .text.__sinit  0x0800bb40       0x30 C:/ST/STM32CubeIDE_1.18.1/STM32CubeIDE/plugins/com.st.stm32cube.ide.mcu.externaltools.gnu-tools-for-stm32.14.3.rel1.win32_1.0.100.202602081740/tools/bin/../lib/gcc/arm-none-eabi/14.3.1/../../../../arm-none-eabi/lib/thumb/v8-m.main+fp/hard\libc_nano.a(libc_a-findfp.o)
                0x0800bb40                __sinit
 .text._fwalk_sglue
                0x0800bb70       0x3c C:/ST/STM32CubeIDE_1.18.1/STM32CubeIDE/plugins/com.st.stm32cube.ide.mcu.externaltools.gnu-tools-for-stm32.14.3.rel1.win32_1.0.100.202602081740/tools/bin/../lib/gcc/arm-none-eabi/14.3.1/../../../../arm-none-eabi/lib/thumb/v8-m.main+fp/hard\libc_nano.a(libc_a-fwalk.o)
                0x0800bb70                _fwalk_sglue
 .text.printf   0x0800bbac       0x24 C:/ST/STM32CubeIDE_1.18.1/STM32CubeIDE/plugins/com.st.stm32cube.ide.mcu.externaltools.gnu-tools-for-stm32.14.3.rel1.win32_1.0.100.202602081740/tools/bin/../lib/gcc/arm-none-eabi/14.3.1/../../../../arm-none-eabi/lib/thumb/v8-m.main+fp/hard\libc_nano.a(libc_a-printf.o)
                0x0800bbac                iprintf
                0x0800bbac                printf
 .text._puts_r  0x0800bbd0       0xaa C:/ST/STM32CubeIDE_1.18.1/STM32CubeIDE/plugins/com.st.stm32cube.ide.mcu.externaltools.gnu-tools-for-stm32.14.3.rel1.win32_1.0.100.202602081740/tools/bin/../lib/gcc/arm-none-eabi/14.3.1/../../../../arm-none-eabi/lib/thumb/v8-m.main+fp/hard\libc_nano.a(libc_a-puts.o)
                0x0800bbd0                _puts_r
 *fill*         0x0800bc7a        0x2 
 .text.puts     0x0800bc7c       0x10 C:/ST/STM32CubeIDE_1.18.1/STM32CubeIDE/plugins/com.st.stm32cube.ide.mcu.externaltools.gnu-tools-for-stm32.14.3.rel1.win32_1.0.100.202602081740/tools/bin/../lib/gcc/arm-none-eabi/14.3.1/../../../../arm-none-eabi/lib/thumb/v8-m.main+fp/hard\libc_nano.a(libc_a-puts.o)
                0x0800bc7c                puts
 .text.snprintf
                0x0800bc8c       0x6c C:/ST/STM32CubeIDE_1.18.1/STM32CubeIDE/plugins/com.st.stm32cube.ide.mcu.externaltools.gnu-tools-for-stm32.14.3.rel1.win32_1.0.100.202602081740/tools/bin/../lib/gcc/arm-none-eabi/14.3.1/../../../../arm-none-eabi/lib/thumb/v8-m.main+fp/hard\libc_nano.a(libc_a-snprintf.o)
                0x0800bc8c                sniprintf
                0x0800bc8c                snprintf
 .text.__sread  0x0800bcf8       0x22 C:/ST/STM32CubeIDE_1.18.1/STM32CubeIDE/plugins/com.st.stm32cube.ide.mcu.externaltools.gnu-tools-for-stm32.14.3.rel1.win32_1.0.100.202602081740/tools/bin/../lib/gcc/arm-none-eabi/14.3.1/../../../../arm-none-eabi/lib/thumb/v8-m.main+fp/hard\libc_nano.a(libc_a-stdio.o)
                0x0800bcf8                __sread
 .text.__swrite
                0x0800bd1a       0x38 C:/ST/STM32CubeIDE_1.18.1/STM32CubeIDE/plugins/com.st.stm32cube.ide.mcu.externaltools.gnu-tools-for-stm32.14.3.rel1.win32_1.0.100.202602081740/tools/bin/../lib/gcc/arm-none-eabi/14.3.1/../../../../arm-none-eabi/lib/thumb/v8-m.main+fp/hard\libc_nano.a(libc_a-stdio.o)
                0x0800bd1a                __swrite
 .text.__sseek  0x0800bd52       0x26 C:/ST/STM32CubeIDE_1.18.1/STM32CubeIDE/plugins/com.st.stm32cube.ide.mcu.externaltools.gnu-tools-for-stm32.14.3.rel1.win32_1.0.100.202602081740/tools/bin/../lib/gcc/arm-none-eabi/14.3.1/../../../../arm-none-eabi/lib/thumb/v8-m.main+fp/hard\libc_nano.a(libc_a-stdio.o)
                0x0800bd52                __sseek
 .text.__sclose
                0x0800bd78        0x8 C:/ST/STM32CubeIDE_1.18.1/STM32CubeIDE/plugins/com.st.stm32cube.ide.mcu.externaltools.gnu-tools-for-stm32.14.3.rel1.win32_1.0.100.202602081740/tools/bin/../lib/gcc/arm-none-eabi/14.3.1/../../../../arm-none-eabi/lib/thumb/v8-m.main+fp/hard\libc_nano.a(libc_a-stdio.o)
                0x0800bd78                __sclose
 .text._vsnprintf_r
                0x0800bd80       0x5c C:/ST/STM32CubeIDE_1.18.1/STM32CubeIDE/plugins/com.st.stm32cube.ide.mcu.externaltools.gnu-tools-for-stm32.14.3.rel1.win32_1.0.100.202602081740/tools/bin/../lib/gcc/arm-none-eabi/14.3.1/../../../../arm-none-eabi/lib/thumb/v8-m.main+fp/hard\libc_nano.a(libc_a-vsnprintf.o)
                0x0800bd80                _vsniprintf_r
                0x0800bd80                _vsnprintf_r
 .text.vsnprintf
                0x0800bddc       0x1c C:/ST/STM32CubeIDE_1.18.1/STM32CubeIDE/plugins/com.st.stm32cube.ide.mcu.externaltools.gnu-tools-for-stm32.14.3.rel1.win32_1.0.100.202602081740/tools/bin/../lib/gcc/arm-none-eabi/14.3.1/../../../../arm-none-eabi/lib/thumb/v8-m.main+fp/hard\libc_nano.a(libc_a-vsnprintf.o)
                0x0800bddc                vsniprintf
                0x0800bddc                vsnprintf
 .text.__swbuf_r
                0x0800bdf8       0x7c C:/ST/STM32CubeIDE_1.18.1/STM32CubeIDE/plugins/com.st.stm32cube.ide.mcu.externaltools.gnu-tools-for-stm32.14.3.rel1.win32_1.0.100.202602081740/tools/bin/../lib/gcc/arm-none-eabi/14.3.1/../../../../arm-none-eabi/lib/thumb/v8-m.main+fp/hard\libc_nano.a(libc_a-wbuf.o)
                0x0800bdf8                __swbuf_r
 .text.__swsetup_r
                0x0800be74       0xa8 C:/ST/STM32CubeIDE_1.18.1/STM32CubeIDE/plugins/com.st.stm32cube.ide.mcu.externaltools.gnu-tools-for-stm32.14.3.rel1.win32_1.0.100.202602081740/tools/bin/../lib/gcc/arm-none-eabi/14.3.1/../../../../arm-none-eabi/lib/thumb/v8-m.main+fp/hard\libc_nano.a(libc_a-wsetup.o)
                0x0800be74                __swsetup_r
 .text.memset   0x0800bf1c       0x10 C:/ST/STM32CubeIDE_1.18.1/STM32CubeIDE/plugins/com.st.stm32cube.ide.mcu.externaltools.gnu-tools-for-stm32.14.3.rel1.win32_1.0.100.202602081740/tools/bin/../lib/gcc/arm-none-eabi/14.3.1/../../../../arm-none-eabi/lib/thumb/v8-m.main+fp/hard\libc_nano.a(libc_a-memset.o)
                0x0800bf1c                memset
 .text.strncpy  0x0800bf2c       0x26 C:/ST/STM32CubeIDE_1.18.1/STM32CubeIDE/plugins/com.st.stm32cube.ide.mcu.externaltools.gnu-tools-for-stm32.14.3.rel1.win32_1.0.100.202602081740/tools/bin/../lib/gcc/arm-none-eabi/14.3.1/../../../../arm-none-eabi/lib/thumb/v8-m.main+fp/hard\libc_nano.a(libc_a-strncpy.o)
                0x0800bf2c                strncpy
 *fill*         0x0800bf52        0x2 
 .text._close_r
                0x0800bf54       0x20 C:/ST/STM32CubeIDE_1.18.1/STM32CubeIDE/plugins/com.st.stm32cube.ide.mcu.externaltools.gnu-tools-for-stm32.14.3.rel1.win32_1.0.100.202602081740/tools/bin/../lib/gcc/arm-none-eabi/14.3.1/../../../../arm-none-eabi/lib/thumb/v8-m.main+fp/hard\libc_nano.a(libc_a-closer.o)
                0x0800bf54                _close_r
 .text._reclaim_reent
                0x0800bf74       0xbc C:/ST/STM32CubeIDE_1.18.1/STM32CubeIDE/plugins/com.st.stm32cube.ide.mcu.externaltools.gnu-tools-for-stm32.14.3.rel1.win32_1.0.100.202602081740/tools/bin/../lib/gcc/arm-none-eabi/14.3.1/../../../../arm-none-eabi/lib/thumb/v8-m.main+fp/hard\libc_nano.a(libc_a-reent.o)
                0x0800bf74                _reclaim_reent
 .text._lseek_r
                0x0800c030       0x24 C:/ST/STM32CubeIDE_1.18.1/STM32CubeIDE/plugins/com.st.stm32cube.ide.mcu.externaltools.gnu-tools-for-stm32.14.3.rel1.win32_1.0.100.202602081740/tools/bin/../lib/gcc/arm-none-eabi/14.3.1/../../../../arm-none-eabi/lib/thumb/v8-m.main+fp/hard\libc_nano.a(libc_a-lseekr.o)
                0x0800c030                _lseek_r
 .text._read_r  0x0800c054       0x24 C:/ST/STM32CubeIDE_1.18.1/STM32CubeIDE/plugins/com.st.stm32cube.ide.mcu.externaltools.gnu-tools-for-stm32.14.3.rel1.win32_1.0.100.202602081740/tools/bin/../lib/gcc/arm-none-eabi/14.3.1/../../../../arm-none-eabi/lib/thumb/v8-m.main+fp/hard\libc_nano.a(libc_a-readr.o)
                0x0800c054                _read_r
 .text._write_r
                0x0800c078       0x24 C:/ST/STM32CubeIDE_1.18.1/STM32CubeIDE/plugins/com.st.stm32cube.ide.mcu.externaltools.gnu-tools-for-stm32.14.3.rel1.win32_1.0.100.202602081740/tools/bin/../lib/gcc/arm-none-eabi/14.3.1/../../../../arm-none-eabi/lib/thumb/v8-m.main+fp/hard\libc_nano.a(libc_a-writer.o)
                0x0800c078                _write_r
 .text.__errno  0x0800c09c        0xc C:/ST/STM32CubeIDE_1.18.1/STM32CubeIDE/plugins/com.st.stm32cube.ide.mcu.externaltools.gnu-tools-for-stm32.14.3.rel1.win32_1.0.100.202602081740/tools/bin/../lib/gcc/arm-none-eabi/14.3.1/../../../../arm-none-eabi/lib/thumb/v8-m.main+fp/hard\libc_nano.a(libc_a-errno.o)
                0x0800c09c                __errno
 .text.__libc_init_array
                0x0800c0a8       0x48 C:/ST/STM32CubeIDE_1.18.1/STM32CubeIDE/plugins/com.st.stm32cube.ide.mcu.externaltools.gnu-tools-for-stm32.14.3.rel1.win32_1.0.100.202602081740/tools/bin/../lib/gcc/arm-none-eabi/14.3.1/../../../../arm-none-eabi/lib/thumb/v8-m.main+fp/hard\libc_nano.a(libc_a-init.o)
                0x0800c0a8                __libc_init_array
 .text.__retarget_lock_init_recursive
                0x0800c0f0        0x2 C:/ST/STM32CubeIDE_1.18.1/STM32CubeIDE/plugins/com.st.stm32cube.ide.mcu.externaltools.gnu-tools-for-stm32.14.3.rel1.win32_1.0.100.202602081740/tools/bin/../lib/gcc/arm-none-eabi/14.3.1/../../../../arm-none-eabi/lib/thumb/v8-m.main+fp/hard\libc_nano.a(libc_a-lock.o)
                0x0800c0f0                __retarget_lock_init_recursive
 .text.__retarget_lock_acquire_recursive
                0x0800c0f2        0x2 C:/ST/STM32CubeIDE_1.18.1/STM32CubeIDE/plugins/com.st.stm32cube.ide.mcu.externaltools.gnu-tools-for-stm32.14.3.rel1.win32_1.0.100.202602081740/tools/bin/../lib/gcc/arm-none-eabi/14.3.1/../../../../arm-none-eabi/lib/thumb/v8-m.main+fp/hard\libc_nano.a(libc_a-lock.o)
                0x0800c0f2                __retarget_lock_acquire_recursive
 .text.__retarget_lock_release_recursive
                0x0800c0f4        0x2 C:/ST/STM32CubeIDE_1.18.1/STM32CubeIDE/plugins/com.st.stm32cube.ide.mcu.externaltools.gnu-tools-for-stm32.14.3.rel1.win32_1.0.100.202602081740/tools/bin/../lib/gcc/arm-none-eabi/14.3.1/../../../../arm-none-eabi/lib/thumb/v8-m.main+fp/hard\libc_nano.a(libc_a-lock.o)
                0x0800c0f4                __retarget_lock_release_recursive
 .text.memcpy   0x0800c0f6       0x1a C:/ST/STM32CubeIDE_1.18.1/STM32CubeIDE/plugins/com.st.stm32cube.ide.mcu.externaltools.gnu-tools-for-stm32.14.3.rel1.win32_1.0.100.202602081740/tools/bin/../lib/gcc/arm-none-eabi/14.3.1/../../../../arm-none-eabi/lib/thumb/v8-m.main+fp/hard\libc_nano.a(libc_a-memcpy-stub.o)
                0x0800c0f6                memcpy
 .text._free_r  0x0800c110       0x94 C:/ST/STM32CubeIDE_1.18.1/STM32CubeIDE/plugins/com.st.stm32cube.ide.mcu.externaltools.gnu-tools-for-stm32.14.3.rel1.win32_1.0.100.202602081740/tools/bin/../lib/gcc/arm-none-eabi/14.3.1/../../../../arm-none-eabi/lib/thumb/v8-m.main+fp/hard\libc_nano.a(libc_a-freer.o)
                0x0800c110                _free_r
 .text.sbrk_aligned
                0x0800c1a4       0x44 C:/ST/STM32CubeIDE_1.18.1/STM32CubeIDE/plugins/com.st.stm32cube.ide.mcu.externaltools.gnu-tools-for-stm32.14.3.rel1.win32_1.0.100.202602081740/tools/bin/../lib/gcc/arm-none-eabi/14.3.1/../../../../arm-none-eabi/lib/thumb/v8-m.main+fp/hard\libc_nano.a(libc_a-mallocr.o)
 .text._malloc_r
                0x0800c1e8      0x100 C:/ST/STM32CubeIDE_1.18.1/STM32CubeIDE/plugins/com.st.stm32cube.ide.mcu.externaltools.gnu-tools-for-stm32.14.3.rel1.win32_1.0.100.202602081740/tools/bin/../lib/gcc/arm-none-eabi/14.3.1/../../../../arm-none-eabi/lib/thumb/v8-m.main+fp/hard\libc_nano.a(libc_a-mallocr.o)
                0x0800c1e8                _malloc_r
 .text.__malloc_lock
                0x0800c2e8        0xc C:/ST/STM32CubeIDE_1.18.1/STM32CubeIDE/plugins/com.st.stm32cube.ide.mcu.externaltools.gnu-tools-for-stm32.14.3.rel1.win32_1.0.100.202602081740/tools/bin/../lib/gcc/arm-none-eabi/14.3.1/../../../../arm-none-eabi/lib/thumb/v8-m.main+fp/hard\libc_nano.a(libc_a-mlock.o)
                0x0800c2e8                __malloc_lock
 .text.__malloc_unlock
                0x0800c2f4        0xc C:/ST/STM32CubeIDE_1.18.1/STM32CubeIDE/plugins/com.st.stm32cube.ide.mcu.externaltools.gnu-tools-for-stm32.14.3.rel1.win32_1.0.100.202602081740/tools/bin/../lib/gcc/arm-none-eabi/14.3.1/../../../../arm-none-eabi/lib/thumb/v8-m.main+fp/hard\libc_nano.a(libc_a-mlock.o)
                0x0800c2f4                __malloc_unlock
 .text.__ssputs_r
                0x0800c300       0xc0 C:/ST/STM32CubeIDE_1.18.1/STM32CubeIDE/plugins/com.st.stm32cube.ide.mcu.externaltools.gnu-tools-for-stm32.14.3.rel1.win32_1.0.100.202602081740/tools/bin/../lib/gcc/arm-none-eabi/14.3.1/../../../../arm-none-eabi/lib/thumb/v8-m.main+fp/hard\libc_nano.a(libc_a-nano-svfprintf.o)
                0x0800c300                __ssputs_r
 .text._svfprintf_r
                0x0800c3c0      0x1f0 C:/ST/STM32CubeIDE_1.18.1/STM32CubeIDE/plugins/com.st.stm32cube.ide.mcu.externaltools.gnu-tools-for-stm32.14.3.rel1.win32_1.0.100.202602081740/tools/bin/../lib/gcc/arm-none-eabi/14.3.1/../../../../arm-none-eabi/lib/thumb/v8-m.main+fp/hard\libc_nano.a(libc_a-nano-svfprintf.o)
                0x0800c3c0                _svfiprintf_r
                0x0800c3c0                _svfprintf_r
 .text.__sfputc_r
                0x0800c5b0       0x2e C:/ST/STM32CubeIDE_1.18.1/STM32CubeIDE/plugins/com.st.stm32cube.ide.mcu.externaltools.gnu-tools-for-stm32.14.3.rel1.win32_1.0.100.202602081740/tools/bin/../lib/gcc/arm-none-eabi/14.3.1/../../../../arm-none-eabi/lib/thumb/v8-m.main+fp/hard\libc_nano.a(libc_a-nano-vfprintf.o)
 .text.__sfputs_r
                0x0800c5de       0x24 C:/ST/STM32CubeIDE_1.18.1/STM32CubeIDE/plugins/com.st.stm32cube.ide.mcu.externaltools.gnu-tools-for-stm32.14.3.rel1.win32_1.0.100.202602081740/tools/bin/../lib/gcc/arm-none-eabi/14.3.1/../../../../arm-none-eabi/lib/thumb/v8-m.main+fp/hard\libc_nano.a(libc_a-nano-vfprintf.o)
                0x0800c5de                __sfputs_r
 *fill*         0x0800c602        0x2 
 .text._vfprintf_r
                0x0800c604      0x228 C:/ST/STM32CubeIDE_1.18.1/STM32CubeIDE/plugins/com.st.stm32cube.ide.mcu.externaltools.gnu-tools-for-stm32.14.3.rel1.win32_1.0.100.202602081740/tools/bin/../lib/gcc/arm-none-eabi/14.3.1/../../../../arm-none-eabi/lib/thumb/v8-m.main+fp/hard\libc_nano.a(libc_a-nano-vfprintf.o)
                0x0800c604                _vfprintf_r
                0x0800c604                _vfiprintf_r
 .text._printf_common
                0x0800c82c       0xe4 C:/ST/STM32CubeIDE_1.18.1/STM32CubeIDE/plugins/com.st.stm32cube.ide.mcu.externaltools.gnu-tools-for-stm32.14.3.rel1.win32_1.0.100.202602081740/tools/bin/../lib/gcc/arm-none-eabi/14.3.1/../../../../arm-none-eabi/lib/thumb/v8-m.main+fp/hard\libc_nano.a(libc_a-nano-vfprintf_i.o)
                0x0800c82c                _printf_common
 .text._printf_i
                0x0800c910      0x24c C:/ST/STM32CubeIDE_1.18.1/STM32CubeIDE/plugins/com.st.stm32cube.ide.mcu.externaltools.gnu-tools-for-stm32.14.3.rel1.win32_1.0.100.202602081740/tools/bin/../lib/gcc/arm-none-eabi/14.3.1/../../../../arm-none-eabi/lib/thumb/v8-m.main+fp/hard\libc_nano.a(libc_a-nano-vfprintf_i.o)
                0x0800c910                _printf_i
 .text.__sflush_r
                0x0800cb5c      0x100 C:/ST/STM32CubeIDE_1.18.1/STM32CubeIDE/plugins/com.st.stm32cube.ide.mcu.externaltools.gnu-tools-for-stm32.14.3.rel1.win32_1.0.100.202602081740/tools/bin/../lib/gcc/arm-none-eabi/14.3.1/../../../../arm-none-eabi/lib/thumb/v8-m.main+fp/hard\libc_nano.a(libc_a-fflush.o)
                0x0800cb5c                __sflush_r
 .text._fflush_r
                0x0800cc5c       0x50 C:/ST/STM32CubeIDE_1.18.1/STM32CubeIDE/plugins/com.st.stm32cube.ide.mcu.externaltools.gnu-tools-for-stm32.14.3.rel1.win32_1.0.100.202602081740/tools/bin/../lib/gcc/arm-none-eabi/14.3.1/../../../../arm-none-eabi/lib/thumb/v8-m.main+fp/hard\libc_nano.a(libc_a-fflush.o)
                0x0800cc5c                _fflush_r
 .text.__swhatbuf_r
                0x0800ccac       0x48 C:/ST/STM32CubeIDE_1.18.1/STM32CubeIDE/plugins/com.st.stm32cube.ide.mcu.externaltools.gnu-tools-for-stm32.14.3.rel1.win32_1.0.100.202602081740/tools/bin/../lib/gcc/arm-none-eabi/14.3.1/../../../../arm-none-eabi/lib/thumb/v8-m.main+fp/hard\libc_nano.a(libc_a-makebuf.o)
                0x0800ccac                __swhatbuf_r
 .text.__smakebuf_r
                0x0800ccf4       0x72 C:/ST/STM32CubeIDE_1.18.1/STM32CubeIDE/plugins/com.st.stm32cube.ide.mcu.externaltools.gnu-tools-for-stm32.14.3.rel1.win32_1.0.100.202602081740/tools/bin/../lib/gcc/arm-none-eabi/14.3.1/../../../../arm-none-eabi/lib/thumb/v8-m.main+fp/hard\libc_nano.a(libc_a-makebuf.o)
                0x0800ccf4                __smakebuf_r
 .text.memmove  0x0800cd66       0x32 C:/ST/STM32CubeIDE_1.18.1/STM32CubeIDE/plugins/com.st.stm32cube.ide.mcu.externaltools.gnu-tools-for-stm32.14.3.rel1.win32_1.0.100.202602081740/tools/bin/../lib/gcc/arm-none-eabi/14.3.1/../../../../arm-none-eabi/lib/thumb/v8-m.main+fp/hard\libc_nano.a(libc_a-memmove.o)
                0x0800cd66                memmove
 .text._fstat_r
                0x0800cd98       0x24 C:/ST/STM32CubeIDE_1.18.1/STM32CubeIDE/plugins/com.st.stm32cube.ide.mcu.externaltools.gnu-tools-for-stm32.14.3.rel1.win32_1.0.100.202602081740/tools/bin/../lib/gcc/arm-none-eabi/14.3.1/../../../../arm-none-eabi/lib/thumb/v8-m.main+fp/hard\libc_nano.a(libc_a-fstatr.o)
                0x0800cd98                _fstat_r
 .text._isatty_r
                0x0800cdbc       0x20 C:/ST/STM32CubeIDE_1.18.1/STM32CubeIDE/plugins/com.st.stm32cube.ide.mcu.externaltools.gnu-tools-for-stm32.14.3.rel1.win32_1.0.100.202602081740/tools/bin/../lib/gcc/arm-none-eabi/14.3.1/../../../../arm-none-eabi/lib/thumb/v8-m.main+fp/hard\libc_nano.a(libc_a-isattyr.o)
                0x0800cdbc                _isatty_r
 .text._sbrk_r  0x0800cddc       0x20 C:/ST/STM32CubeIDE_1.18.1/STM32CubeIDE/plugins/com.st.stm32cube.ide.mcu.externaltools.gnu-tools-for-stm32.14.3.rel1.win32_1.0.100.202602081740/tools/bin/../lib/gcc/arm-none-eabi/14.3.1/../../../../arm-none-eabi/lib/thumb/v8-m.main+fp/hard\libc_nano.a(libc_a-sbrkr.o)
                0x0800cddc                _sbrk_r
 .text.memchr   0x0800cdfc       0x1c C:/ST/STM32CubeIDE_1.18.1/STM32CubeIDE/plugins/com.st.stm32cube.ide.mcu.externaltools.gnu-tools-for-stm32.14.3.rel1.win32_1.0.100.202602081740/tools/bin/../lib/gcc/arm-none-eabi/14.3.1/../../../../arm-none-eabi/lib/thumb/v8-m.main+fp/hard\libc_nano.a(libc_a-memchr-stub.o)
                0x0800cdfc                memchr
 .text._realloc_r
                0x0800ce18       0x5c C:/ST/STM32CubeIDE_1.18.1/STM32CubeIDE/plugins/com.st.stm32cube.ide.mcu.externaltools.gnu-tools-for-stm32.14.3.rel1.win32_1.0.100.202602081740/tools/bin/../lib/gcc/arm-none-eabi/14.3.1/../../../../arm-none-eabi/lib/thumb/v8-m.main+fp/hard\libc_nano.a(libc_a-reallocr.o)
                0x0800ce18                _realloc_r
 .text._malloc_usable_size_r
                0x0800ce74       0x10 C:/ST/STM32CubeIDE_1.18.1/STM32CubeIDE/plugins/com.st.stm32cube.ide.mcu.externaltools.gnu-tools-for-stm32.14.3.rel1.win32_1.0.100.202602081740/tools/bin/../lib/gcc/arm-none-eabi/14.3.1/../../../../arm-none-eabi/lib/thumb/v8-m.main+fp/hard\libc_nano.a(libc_a-msizer.o)
                0x0800ce74                _malloc_usable_size_r
 *(.glue_7)
 .glue_7        0x0800ce84        0x0 linker stubs
 *(.glue_7t)
 .glue_7t       0x0800ce84        0x0 linker stubs
 *(.eh_frame)
 .eh_frame      0x0800ce84        0x0 C:/ST/STM32CubeIDE_1.18.1/STM32CubeIDE/plugins/com.st.stm32cube.ide.mcu.externaltools.gnu-tools-for-stm32.14.3.rel1.win32_1.0.100.202602081740/tools/bin/../lib/gcc/arm-none-eabi/14.3.1/thumb/v8-m.main+fp/hard/crtbegin.o
 *(.init)
 .init          0x0800ce84        0x4 C:/ST/STM32CubeIDE_1.18.1/STM32CubeIDE/plugins/com.st.stm32cube.ide.mcu.externaltools.gnu-tools-for-stm32.14.3.rel1.win32_1.0.100.202602081740/tools/bin/../lib/gcc/arm-none-eabi/14.3.1/thumb/v8-m.main+fp/hard/crti.o
                0x0800ce84                _init
 .init          0x0800ce88        0x8 C:/ST/STM32CubeIDE_1.18.1/STM32CubeIDE/plugins/com.st.stm32cube.ide.mcu.externaltools.gnu-tools-for-stm32.14.3.rel1.win32_1.0.100.202602081740/tools/bin/../lib/gcc/arm-none-eabi/14.3.1/thumb/v8-m.main+fp/hard/crtn.o
 *(.fini)
 .fini          0x0800ce90        0x4 C:/ST/STM32CubeIDE_1.18.1/STM32CubeIDE/plugins/com.st.stm32cube.ide.mcu.externaltools.gnu-tools-for-stm32.14.3.rel1.win32_1.0.100.202602081740/tools/bin/../lib/gcc/arm-none-eabi/14.3.1/thumb/v8-m.main+fp/hard/crti.o
                0x0800ce90                _fini
 .fini          0x0800ce94        0x8 C:/ST/STM32CubeIDE_1.18.1/STM32CubeIDE/plugins/com.st.stm32cube.ide.mcu.externaltools.gnu-tools-for-stm32.14.3.rel1.win32_1.0.100.202602081740/tools/bin/../lib/gcc/arm-none-eabi/14.3.1/thumb/v8-m.main+fp/hard/crtn.o
                0x0800ce9c                        . = ALIGN (0x4)
                0x0800ce9c                        _etext = .

.vfp11_veneer   0x0800ce9c        0x0
 .vfp11_veneer  0x0800ce9c        0x0 linker stubs

.v4_bx          0x0800ce9c        0x0
 .v4_bx         0x0800ce9c        0x0 linker stubs

.iplt           0x0800ce9c        0x0
 .iplt          0x0800ce9c        0x0 C:/ST/STM32CubeIDE_1.18.1/STM32CubeIDE/plugins/com.st.stm32cube.ide.mcu.externaltools.gnu-tools-for-stm32.14.3.rel1.win32_1.0.100.202602081740/tools/bin/../lib/gcc/arm-none-eabi/14.3.1/thumb/v8-m.main+fp/hard/crtbegin.o

.rodata         0x0800ce9c      0x70c
                0x0800ce9c                        . = ALIGN (0x4)
 *(.rodata)
 .rodata        0x0800ce9c      0x5b3 ./Core/Src/main.o
 *fill*         0x0800d44f        0x1 
 .rodata        0x0800d450        0x5 ./Middlewares/Third_Party/FreeRTOS/Source/tasks.o
 *fill*         0x0800d455        0x3 
 .rodata        0x0800d458        0xd ./Middlewares/Third_Party/FreeRTOS/Source/timers.o
 *(.rodata*)
 *fill*         0x0800d465        0x3 
 .rodata.Task1_attributes
                0x0800d468       0x24 ./Core/Src/main.o
                0x0800d468                Task1_attributes
 .rodata.Task2_attributes
                0x0800d48c       0x24 ./Core/Src/main.o
                0x0800d48c                Task2_attributes
 .rodata.Task3_attributes
                0x0800d4b0       0x24 ./Core/Src/main.o
                0x0800d4b0                Task3_attributes
 .rodata.motorCmdQueue_attributes
                0x0800d4d4       0x18 ./Core/Src/main.o
                0x0800d4d4                motorCmdQueue_attributes
 .rodata.mprAddrs.0
                0x0800d4ec        0x8 ./Core/Src/main.o
 .rodata.AHBPrescTable
                0x0800d4f4       0x10 ./Core/Src/system_stm32l5xx.o
                0x0800d4f4                AHBPrescTable
 .rodata.APBPrescTable
                0x0800d504        0x8 ./Core/Src/system_stm32l5xx.o
                0x0800d504                APBPrescTable
 .rodata.MSIRangeTable
                0x0800d50c       0x40 ./Core/Src/system_stm32l5xx.o
                0x0800d50c                MSIRangeTable
 .rodata.UARTPrescTable
                0x0800d54c       0x18 ./Drivers/STM32L5xx_HAL_Driver/Src/stm32l5xx_hal_uart.o
                0x0800d54c                UARTPrescTable
 .rodata.numerator.1
                0x0800d564        0x8 ./Drivers/STM32L5xx_HAL_Driver/Src/stm32l5xx_hal_uart_ex.o
 .rodata.denominator.0
                0x0800d56c        0x8 ./Drivers/STM32L5xx_HAL_Driver/Src/stm32l5xx_hal_uart_ex.o
 .rodata._svfprintf_r.str1.1
                0x0800d574       0x33 C:/ST/STM32CubeIDE_1.18.1/STM32CubeIDE/plugins/com.st.stm32cube.ide.mcu.externaltools.gnu-tools-for-stm32.14.3.rel1.win32_1.0.100.202602081740/tools/bin/../lib/gcc/arm-none-eabi/14.3.1/../../../../arm-none-eabi/lib/thumb/v8-m.main+fp/hard\libc_nano.a(libc_a-nano-svfprintf.o)
                                 0x11 (size before relaxing)
 .rodata._vfprintf_r.str1.1
                0x0800d5a7       0x11 C:/ST/STM32CubeIDE_1.18.1/STM32CubeIDE/plugins/com.st.stm32cube.ide.mcu.externaltools.gnu-tools-for-stm32.14.3.rel1.win32_1.0.100.202602081740/tools/bin/../lib/gcc/arm-none-eabi/14.3.1/../../../../arm-none-eabi/lib/thumb/v8-m.main+fp/hard\libc_nano.a(libc_a-nano-vfprintf.o)
 .rodata._printf_i.str1.1
                0x0800d5a7       0x22 C:/ST/STM32CubeIDE_1.18.1/STM32CubeIDE/plugins/com.st.stm32cube.ide.mcu.externaltools.gnu-tools-for-stm32.14.3.rel1.win32_1.0.100.202602081740/tools/bin/../lib/gcc/arm-none-eabi/14.3.1/../../../../arm-none-eabi/lib/thumb/v8-m.main+fp/hard\libc_nano.a(libc_a-nano-vfprintf_i.o)
                0x0800d5cc                        . = ALIGN (0x4)
 *fill*         0x0800d5a7        0x1 

.ARM.extab      0x0800d5a8        0x0
                0x0800d5a8                        . = ALIGN (0x4)
 *(.ARM.extab* .gnu.linkonce.armextab.*)
                0x0800d5a8                        . = ALIGN (0x4)

.ARM            0x0800d5a8        0x8
                0x0800d5a8                        . = ALIGN (0x4)
                0x0800d5a8                        __exidx_start = .
 *(.ARM.exidx*)
 .ARM.exidx     0x0800d5a8        0x8 C:/ST/STM32CubeIDE_1.18.1/STM32CubeIDE/plugins/com.st.stm32cube.ide.mcu.externaltools.gnu-tools-for-stm32.14.3.rel1.win32_1.0.100.202602081740/tools/bin/../lib/gcc/arm-none-eabi/14.3.1/thumb/v8-m.main+fp/hard\libgcc.a(_udivmoddi4.o)
                0x0800d5b0                        __exidx_end = .
                0x0800d5b0                        . = ALIGN (0x4)

.preinit_array  0x0800d5b0        0x0
                0x0800d5b0                        . = ALIGN (0x4)
                0x0800d5b0                        PROVIDE (__preinit_array_start = .)
 *(.preinit_array*)
                0x0800d5b0                        PROVIDE (__preinit_array_end = .)
                0x0800d5b0                        . = ALIGN (0x4)

.init_array     0x0800d5b0        0x4
                0x0800d5b0                        . = ALIGN (0x4)
                0x0800d5b0                        PROVIDE (__init_array_start = .)
 *(SORT_BY_NAME(.init_array.*))
 *(.init_array*)
 .init_array    0x0800d5b0        0x4 C:/ST/STM32CubeIDE_1.18.1/STM32CubeIDE/plugins/com.st.stm32cube.ide.mcu.externaltools.gnu-tools-for-stm32.14.3.rel1.win32_1.0.100.202602081740/tools/bin/../lib/gcc/arm-none-eabi/14.3.1/thumb/v8-m.main+fp/hard/crtbegin.o
                0x0800d5b4                        PROVIDE (__init_array_end = .)
                0x0800d5b4                        . = ALIGN (0x4)

.fini_array     0x0800d5b4        0x4
                0x0800d5b4                        . = ALIGN (0x4)
                [!provide]                        PROVIDE (__fini_array_start = .)
 *(SORT_BY_NAME(.fini_array.*))
 *(.fini_array*)
 .fini_array    0x0800d5b4        0x4 C:/ST/STM32CubeIDE_1.18.1/STM32CubeIDE/plugins/com.st.stm32cube.ide.mcu.externaltools.gnu-tools-for-stm32.14.3.rel1.win32_1.0.100.202602081740/tools/bin/../lib/gcc/arm-none-eabi/14.3.1/thumb/v8-m.main+fp/hard/crtbegin.o
                [!provide]                        PROVIDE (__fini_array_end = .)
                0x0800d5b8                        . = ALIGN (0x4)
                0x0800d5b8                        _sidata = LOADADDR (.data)

.rel.dyn        0x0800d5b8        0x0
 .rel.iplt      0x0800d5b8        0x0 C:/ST/STM32CubeIDE_1.18.1/STM32CubeIDE/plugins/com.st.stm32cube.ide.mcu.externaltools.gnu-tools-for-stm32.14.3.rel1.win32_1.0.100.202602081740/tools/bin/../lib/gcc/arm-none-eabi/14.3.1/thumb/v8-m.main+fp/hard/crtbegin.o

.data           0x20000000       0x74 load address 0x0800d5b8
                0x20000000                        . = ALIGN (0x4)
                0x20000000                        _sdata = .
 *(.data)
 *(.data*)
 .data.touchEnableActiveHigh
                0x20000000        0x1 ./Core/Src/main.o
 *fill*         0x20000001        0x1 
 .data.touchLastMask
                0x20000002        0x2 ./Core/Src/main.o
 .data.buttonPressedState
                0x20000004        0x1 ./Core/Src/main.o
 *fill*         0x20000005        0x3 
 .data.SystemCoreClock
                0x20000008        0x4 ./Core/Src/system_stm32l5xx.o
                0x20000008                SystemCoreClock
 .data.uwTickPrio
                0x2000000c        0x4 ./Drivers/STM32L5xx_HAL_Driver/Src/stm32l5xx_hal.o
                0x2000000c                uwTickPrio
 .data.uwTickFreq
                0x20000010        0x1 ./Drivers/STM32L5xx_HAL_Driver/Src/stm32l5xx_hal.o
                0x20000010                uwTickFreq
 *fill*         0x20000011        0x3 
 .data.ulCriticalNesting
                0x20000014        0x4 ./Middlewares/Third_Party/FreeRTOS/Source/portable/GCC/ARM_CM33_NTZ/non_secure/port.o
 .data.__sglue  0x20000018        0xc C:/ST/STM32CubeIDE_1.18.1/STM32CubeIDE/plugins/com.st.stm32cube.ide.mcu.externaltools.gnu-tools-for-stm32.14.3.rel1.win32_1.0.100.202602081740/tools/bin/../lib/gcc/arm-none-eabi/14.3.1/../../../../arm-none-eabi/lib/thumb/v8-m.main+fp/hard\libc_nano.a(libc_a-findfp.o)
                0x20000018                __sglue
 .data._impure_ptr
                0x20000024        0x4 C:/ST/STM32CubeIDE_1.18.1/STM32CubeIDE/plugins/com.st.stm32cube.ide.mcu.externaltools.gnu-tools-for-stm32.14.3.rel1.win32_1.0.100.202602081740/tools/bin/../lib/gcc/arm-none-eabi/14.3.1/../../../../arm-none-eabi/lib/thumb/v8-m.main+fp/hard\libc_nano.a(libc_a-impure.o)
                0x20000024                _impure_ptr
 .data._impure_data
                0x20000028       0x4c C:/ST/STM32CubeIDE_1.18.1/STM32CubeIDE/plugins/com.st.stm32cube.ide.mcu.externaltools.gnu-tools-for-stm32.14.3.rel1.win32_1.0.100.202602081740/tools/bin/../lib/gcc/arm-none-eabi/14.3.1/../../../../arm-none-eabi/lib/thumb/v8-m.main+fp/hard\libc_nano.a(libc_a-impure.o)
                0x20000028                _impure_data
 *(.RamFunc)
 *(.RamFunc*)
                0x20000074                        . = ALIGN (0x4)
                0x20000074                        _edata = .

.igot.plt       0x20000074        0x0 load address 0x0800d62c
 .igot.plt      0x20000074        0x0 C:/ST/STM32CubeIDE_1.18.1/STM32CubeIDE/plugins/com.st.stm32cube.ide.mcu.externaltools.gnu-tools-for-stm32.14.3.rel1.win32_1.0.100.202602081740/tools/bin/../lib/gcc/arm-none-eabi/14.3.1/thumb/v8-m.main+fp/hard/crtbegin.o
                0x20000074                        . = ALIGN (0x4)

.bss            0x20000074     0x321c load address 0x0800d62c
                0x20000074                        _sbss = .
                0x20000074                        __bss_start__ = _sbss
 *(.bss)
 .bss           0x20000074       0x1c C:/ST/STM32CubeIDE_1.18.1/STM32CubeIDE/plugins/com.st.stm32cube.ide.mcu.externaltools.gnu-tools-for-stm32.14.3.rel1.win32_1.0.100.202602081740/tools/bin/../lib/gcc/arm-none-eabi/14.3.1/thumb/v8-m.main+fp/hard/crtbegin.o
 *(.bss*)
 .bss.print_buffer
                0x20000090       0x80 ./Core/Src/lcd.o
 .bss.LINE_ONE_TEXT
                0x20000110       0x11 ./Core/Src/lcd.o
                0x20000110                LINE_ONE_TEXT
 *fill*         0x20000121        0x3 
 .bss.LINE_TWO_TEXT
                0x20000124       0x11 ./Core/Src/lcd.o
                0x20000124                LINE_TWO_TEXT
 *fill*         0x20000135        0x3 
 .bss.hadc1     0x20000138       0x68 ./Core/Src/main.o
                0x20000138                hadc1
 .bss.hi2c2     0x200001a0       0x54 ./Core/Src/main.o
                0x200001a0                hi2c2
 .bss.hlpuart1  0x200001f4       0x94 ./Core/Src/main.o
                0x200001f4                hlpuart1
 .bss.htim1     0x20000288       0x4c ./Core/Src/main.o
                0x20000288                htim1
 .bss.Task1Handle
                0x200002d4        0x4 ./Core/Src/main.o
                0x200002d4                Task1Handle
 .bss.Task2Handle
                0x200002d8        0x4 ./Core/Src/main.o
                0x200002d8                Task2Handle
 .bss.Task3Handle
                0x200002dc        0x4 ./Core/Src/main.o
                0x200002dc                Task3Handle
 .bss.motorCmdQueueHandle
                0x200002e0        0x4 ./Core/Src/main.o
                0x200002e0                motorCmdQueueHandle
 .bss.motorCmdQueue
                0x200002e4        0x4 ./Core/Src/main.o
                0x200002e4                motorCmdQueue
 .bss.controlEventQueue
                0x200002e8        0x4 ./Core/Src/main.o
                0x200002e8                controlEventQueue
 .bss.motorAppliedQueue
                0x200002ec        0x4 ./Core/Src/main.o
                0x200002ec                motorAppliedQueue
 .bss.touchIrqCount
                0x200002f0        0x4 ./Core/Src/main.o
                0x200002f0                touchIrqCount
 .bss.touchProtocol
                0x200002f4        0x1 ./Core/Src/main.o
 *fill*         0x200002f5        0x1 
 .bss.touchI2cAddr
                0x200002f6        0x2 ./Core/Src/main.o
 .bss.buttonIrqCount
                0x200002f8        0x4 ./Core/Src/main.o
                0x200002f8                buttonIrqCount
 .bss.buttonQueuedEventCount
                0x200002fc        0x4 ./Core/Src/main.o
                0x200002fc                buttonQueuedEventCount
 .bss.buttonLastLevel
                0x20000300        0x1 ./Core/Src/main.o
                0x20000300                buttonLastLevel
 *fill*         0x20000301        0x3 
 .bss.buttonPollInjectedCount
                0x20000304        0x4 ./Core/Src/main.o
                0x20000304                buttonPollInjectedCount
 .bss.buzzerTimer
                0x20000308        0x4 ./Core/Src/main.o
 .bss.lcdReady  0x2000030c        0x1 ./Core/Src/main.o
 *fill*         0x2000030d        0x3 
 .bss.htim6     0x20000310       0x4c ./Core/Src/stm32l5xx_hal_timebase_tim.o
                0x20000310                htim6
 .bss.__sbrk_heap_end
                0x2000035c        0x4 ./Core/Src/sysmem.o
 .bss.uwTick    0x20000360        0x4 ./Drivers/STM32L5xx_HAL_Driver/Src/stm32l5xx_hal.o
                0x20000360                uwTick
 .bss.KernelState
                0x20000364        0x4 ./Middlewares/Third_Party/FreeRTOS/Source/CMSIS_RTOS_V2/cmsis_os2.o
 .bss.Idle_TCB.3
                0x20000368       0xa8 ./Middlewares/Third_Party/FreeRTOS/Source/CMSIS_RTOS_V2/cmsis_os2.o
 .bss.Idle_Stack.2
                0x20000410      0x200 ./Middlewares/Third_Party/FreeRTOS/Source/CMSIS_RTOS_V2/cmsis_os2.o
 .bss.Timer_TCB.1
                0x20000610       0xa8 ./Middlewares/Third_Party/FreeRTOS/Source/CMSIS_RTOS_V2/cmsis_os2.o
 .bss.Timer_Stack.0
                0x200006b8      0x400 ./Middlewares/Third_Party/FreeRTOS/Source/CMSIS_RTOS_V2/cmsis_os2.o
 .bss.xQueueRegistry
                0x20000ab8       0x40 ./Middlewares/Third_Party/FreeRTOS/Source/queue.o
                0x20000ab8                xQueueRegistry
 .bss.pxCurrentTCB
                0x20000af8        0x4 ./Middlewares/Third_Party/FreeRTOS/Source/tasks.o
                0x20000af8                pxCurrentTCB
 .bss.pxReadyTasksLists
                0x20000afc      0x460 ./Middlewares/Third_Party/FreeRTOS/Source/tasks.o
 .bss.xDelayedTaskList1
                0x20000f5c       0x14 ./Middlewares/Third_Party/FreeRTOS/Source/tasks.o
 .bss.xDelayedTaskList2
                0x20000f70       0x14 ./Middlewares/Third_Party/FreeRTOS/Source/tasks.o
 .bss.pxDelayedTaskList
                0x20000f84        0x4 ./Middlewares/Third_Party/FreeRTOS/Source/tasks.o
 .bss.pxOverflowDelayedTaskList
                0x20000f88        0x4 ./Middlewares/Third_Party/FreeRTOS/Source/tasks.o
 .bss.xPendingReadyList
                0x20000f8c       0x14 ./Middlewares/Third_Party/FreeRTOS/Source/tasks.o
 .bss.xTasksWaitingTermination
                0x20000fa0       0x14 ./Middlewares/Third_Party/FreeRTOS/Source/tasks.o
 .bss.uxDeletedTasksWaitingCleanUp
                0x20000fb4        0x4 ./Middlewares/Third_Party/FreeRTOS/Source/tasks.o
 .bss.xSuspendedTaskList
                0x20000fb8       0x14 ./Middlewares/Third_Party/FreeRTOS/Source/tasks.o
 .bss.uxCurrentNumberOfTasks
                0x20000fcc        0x4 ./Middlewares/Third_Party/FreeRTOS/Source/tasks.o
 .bss.xTickCount
                0x20000fd0        0x4 ./Middlewares/Third_Party/FreeRTOS/Source/tasks.o
 .bss.uxTopReadyPriority
                0x20000fd4        0x4 ./Middlewares/Third_Party/FreeRTOS/Source/tasks.o
 .bss.xSchedulerRunning
                0x20000fd8        0x4 ./Middlewares/Third_Party/FreeRTOS/Source/tasks.o
 .bss.xPendedTicks