C:/Users/godsp/STM32Cube/Repository/STM32Cube_FW_L5_V1.5.1/Drivers/BSP/STM32L5xx_Nucleo/stm32l5xx_nucleo.c:119:9:BSP_GetVersion	4	static
C:/Users/godsp/STM32Cube/Repository/STM32Cube_FW_L5_V1.5.1/Drivers/BSP/STM32L5xx_Nucleo/stm32l5xx_nucleo.c:128:16:BSP_GetBoardName	4	static
C:/Users/godsp/STM32Cube/Repository/STM32Cube_FW_L5_V1.5.1/Drivers/BSP/STM32L5xx_Nucleo/stm32l5xx_nucleo.c:137:16:BSP_GetBoardID	4	static
C:/Users/godsp/STM32Cube/Repository/STM32Cube_FW_L5_V1.5.1/Drivers/BSP/STM32L5xx_Nucleo/stm32l5xx_nucleo.c:155:9:BSP_LED_Init	48	static
C:/Users/godsp/STM32Cube/Repository/STM32Cube_FW_L5_V1.5.1/Drivers/BSP/STM32L5xx_Nucleo/stm32l5xx_nucleo.c:195:9:BSP_LED_DeInit	40	static
C:/Users/godsp/STM32Cube/Repository/STM32Cube_FW_L5_V1.5.1/Drivers/BSP/STM32L5xx_Nucleo/stm32l5xx_nucleo.c:217:9:BSP_LED_On	16	static
C:/Users/godsp/STM32Cube/Repository/STM32Cube_FW_L5_V1.5.1/Drivers/BSP/STM32L5xx_Nucleo/stm32l5xx_nucleo.c:233:9:BSP_LED_Off	16	static
C:/Users/godsp/STM32Cube/Repository/STM32Cube_FW_L5_V1.5.1/Drivers/BSP/STM32L5xx_Nucleo/stm32l5xx_nucleo.c:249:9:BSP_LED_Toggle	16	static
C:/Users/godsp/STM32Cube/Repository/STM32Cube_FW_L5_V1.5.1/Drivers/BSP/STM32L5xx_Nucleo/stm32l5xx_nucleo.c:264:9:BSP_LED_GetState	24	static
C:/Users/godsp/STM32Cube/Repository/STM32Cube_FW_L5_V1.5.1/Drivers/BSP/STM32L5xx_Nucleo/stm32l5xx_nucleo.c:292:9:BSP_PB_Init	56	static
C:/Users/godsp/STM32Cube/Repository/STM32Cube_FW_L5_V1.5.1/Drivers/BSP/STM32L5xx_Nucleo/stm32l5xx_nucleo.c:349:9:BSP_PB_DeInit	40	static
C:/Users/godsp/STM32Cube/Repository/STM32Cube_FW_L5_V1.5.1/Drivers/BSP/STM32L5xx_Nucleo/stm32l5xx_nucleo.c:366:9:BSP_PB_GetState	24	static
C:/Users/godsp/STM32Cube/Repository/STM32Cube_FW_L5_V1.5.1/Drivers/BSP/STM32L5xx_Nucleo/stm32l5xx_nucleo.c:380:13:BSP_PB_Callback	16	static
C:/Users/godsp/STM32Cube/Repository/STM32Cube_FW_L5_V1.5.1/Drivers/BSP/STM32L5xx_Nucleo/stm32l5xx_nucleo.c:396:6:BSP_PB_IRQHandler	16	static
C:/Users/godsp/STM32Cube/Repository/STM32Cube_FW_L5_V1.5.1/Drivers/BSP/STM32L5xx_Nucleo/stm32l5xx_nucleo.c:418:9:BSP_COM_Init	24	static
C:/Users/godsp/STM32Cube/Repository/STM32Cube_FW_L5_V1.5.1/Drivers/BSP/STM32L5xx_Nucleo/stm32l5xx_nucleo.c:472:9:BSP_COM_DeInit	24	static
C:/Users/godsp/STM32Cube/Repository/STM32Cube_FW_L5_V1.5.1/Drivers/BSP/STM32L5xx_Nucleo/stm32l5xx_nucleo.c:499:9:BSP_COM_SelectLogPort	16	static
C:/Users/godsp/STM32Cube/Repository/STM32Cube_FW_L5_V1.5.1/Drivers/BSP/STM32L5xx_Nucleo/stm32l5xx_nucleo.c:511:5:__io_putchar	16	static
C:/Users/godsp/STM32Cube/Repository/STM32Cube_FW_L5_V1.5.1/Drivers/BSP/STM32L5xx_Nucleo/stm32l5xx_nucleo.c:589:26:MX_LPUART1_Init	16	static
C:/Users/godsp/STM32Cube/Repository/STM32Cube_FW_L5_V1.5.1/Drivers/BSP/STM32L5xx_Nucleo/stm32l5xx_nucleo.c:611:26:MX_USART3_Init	16	static
C:/Users/godsp/STM32Cube/Repository/STM32Cube_FW_L5_V1.5.1/Drivers/BSP/STM32L5xx_Nucleo/stm32l5xx_nucleo.c:644:13:BUTTON_USER_EXTI_Callback	8	static
C:/Users/godsp/STM32Cube/Repository/STM32Cube_FW_L5_V1.5.1/Drivers/BSP/STM32L5xx_Nucleo/stm32l5xx_nucleo.c:655:13:UART_MspInit	104	static
C:/Users/godsp/STM32Cube/Repository/STM32Cube_FW_L5_V1.5.1/Drivers/BSP/STM32L5xx_Nucleo/stm32l5xx_nucleo.c:705:13:UART_MspDeInit	48	static
